*** EVALUATION ***
PROGRAM "motor_test.elf"

*********************************************************************************************
TARGET SECTION
---------------------------------------------------------------------------------------------
Processor   : Freescale S12Z
Memory Model: MEDIUM1
File Format : ELF\DWARF 2.0
Linker      : SmartLinker V-5.0.55 Build 19351, Dec 18 2019

*********************************************************************************************
FILE SECTION
---------------------------------------------------------------------------------------------
Events_c.obj                            Model: MEDIUM1,       Lang: ANSI-C,        Compiler Version: C/C++ Compiler for S12/L-ISA v-5.0.47 build 19351
main_c.obj                              Model: MEDIUM1,       Lang: ANSI-C,        Compiler Version: C/C++ Compiler for S12/L-ISA v-5.0.47 build 19351
starts12z_c.obj                         Model: MEDIUM1,       Lang: ANSI-C,        Compiler Version: C/C++ Compiler for S12/L-ISA v-5.0.47 build 19351
Cpu_c.obj                               Model: MEDIUM1,       Lang: ANSI-C,        Compiler Version: C/C++ Compiler for S12/L-ISA v-5.0.47 build 19351
IO_Map_c.obj                            Model: MEDIUM1,       Lang: ANSI-C,        Compiler Version: C/C++ Compiler for S12/L-ISA v-5.0.47 build 19351
MC_c.obj                                Model: MEDIUM1,       Lang: ANSI-C,        Compiler Version: C/C++ Compiler for S12/L-ISA v-5.0.47 build 19351
Vectors_c.obj                           Model: MEDIUM1,       Lang: ANSI-C,        Compiler Version: C/C++ Compiler for S12/L-ISA v-5.0.47 build 19351

*********************************************************************************************
STARTUP SECTION
---------------------------------------------------------------------------------------------
Entry point: 0xFF8203 (_EntryPoint)
_startupData is allocated at 0xFF825D and uses 20 Bytes
extern struct _tagStartup {
  unsigned nofZeroOut     0
  _Copy    *toCopyDownBeg 0xFF83C0
  int      nofInitBodies  0
  _Cpp     *initBodies    0xFF8271
  int      nofFiniBodies  0
  _Cpp     *finiBodies    0xFF8271
} _startupData;

*********************************************************************************************
SECTION-ALLOCATION SECTION
Section Name                    Size  Type     From       To       Segment
---------------------------------------------------------------------------------------------
.init                             93     R   0xFF8200   0xFF825C   APP
.startData                        27     R   0xFF825D   0xFF8277   APP
NON_BANKED                         6     R   0xFF8278   0xFF827D   APP
.text                            322     R   0xFF827E   0xFF83BF   APP
.copy                              4     R   0xFF83C0   0xFF83C3   APP
.__absdata_ADC0RBP__               3   N/I      0x621      0x623   .absSeg0
.__absdata_ADC0CBP__               3   N/I      0x61D      0x61F   .absSeg1
.__absdata_ECCDPTR__               3   N/I      0x3C7      0x3C9   .absSeg2
.__absdata_DBGDA__                 3   N/I      0x145      0x147   .absSeg3
.__absdata_DBGCA__                 3   N/I      0x135      0x137   .absSeg4
.__absdata_DBGBA__                 3   N/I      0x125      0x127   .absSeg5
.__absdata_DBGAA__                 3   N/I      0x115      0x117   .absSeg6
.__absdata_MMCPC__                 3   N/I       0x85       0x87   .absSeg7
.__absdata__ADC0CMD__              4   N/I      0x614      0x617   .absSeg8
.__absdata__PARTID__               4   N/I        0x0        0x3   .absSeg9
.__absdata__SSG0AMPB__             2   N/I      0xB10      0xB11   .absSeg10
.__absdata__SSG0AT__               2   N/I      0xB0A      0xB0B   .absSeg11
.__absdata__SSG0AA__               2   N/I      0xB08      0xB09   .absSeg12
.__absdata__SSG0AMP__              2   N/I      0xB06      0xB07   .absSeg13
.__absdata__SSG0TONE__             2   N/I      0xB04      0xB05   .absSeg14
.__absdata__SSG0PS__               2   N/I      0xB02      0xB03   .absSeg15
.__absdata__RTCCNT__               2   N/I      0xAE8      0xAE9   .absSeg16
.__absdata__RTCMOD__               2   N/I      0xAE6      0xAE7   .absSeg17
.__absdata__ITG1ACC__              2   N/I      0xA96      0xA97   .absSeg18
.__absdata__MDC1CNT__              2   N/I      0xA94      0xA95   .absSeg19
.__absdata__ITG0ACC__              2   N/I      0xA86      0xA87   .absSeg20
.__absdata__MDC0CNT__              2   N/I      0xA84      0xA85   .absSeg21
.__absdata__MCDC3__                2   N/I      0xA66      0xA67   .absSeg22
.__absdata__MCDC2__                2   N/I      0xA64      0xA65   .absSeg23
.__absdata__MCDC1__                2   N/I      0xA62      0xA63   .absSeg24
.__absdata__MCDC0__                2   N/I      0xA60      0xA61   .absSeg25
.__absdata__MCPER__                2   N/I      0xA42      0xA43   .absSeg26
.__absdata__CAN0TXTSR__            2   N/I      0x83E      0x83F   .absSeg27
.__absdata__CAN0RXTSR__            2   N/I      0x82E      0x82F   .absSeg28
.__absdata__SPI0DR__               2   N/I      0x784      0x785   .absSeg29
.__absdata__SCI1BD__               2   N/I      0x710      0x711   .absSeg30
.__absdata__SCI0BD__               2   N/I      0x700      0x701   .absSeg31
.__absdata__CPMUIRCTRIM__          2   N/I      0x6D8      0x6D9   .absSeg32
.__absdata__CPMUAPIR__             2   N/I      0x6D4      0x6D5   .absSeg33
.__absdata__ADC0IMDRI__            2   N/I      0x60E      0x60F   .absSeg34
.__absdata__ADC0CONIF__            2   N/I      0x60C      0x60D   .absSeg35
.__absdata__ADC0CONIE__            2   N/I      0x60A      0x60B   .absSeg36
.__absdata__ADC0CTL__              2   N/I      0x600      0x601   .absSeg37
.__absdata__TIM0PACNT__            2   N/I      0x5E2      0x5E3   .absSeg38
.__absdata__TIM0TC7__              2   N/I      0x5DE      0x5DF   .absSeg39
.__absdata__TIM0TC6__              2   N/I      0x5DC      0x5DD   .absSeg40
.__absdata__TIM0TC5__              2   N/I      0x5DA      0x5DB   .absSeg41
.__absdata__TIM0TC4__              2   N/I      0x5D8      0x5D9   .absSeg42
.__absdata__TIM0TC3__              2   N/I      0x5D6      0x5D7   .absSeg43
.__absdata__TIM0TC2__              2   N/I      0x5D4      0x5D5   .absSeg44
.__absdata__TIM0TC1__              2   N/I      0x5D2      0x5D3   .absSeg45
.__absdata__TIM0TC0__              2   N/I      0x5D0      0x5D1   .absSeg46
.__absdata__TIM0TCNT__             2   N/I      0x5C4      0x5C5   .absSeg47
.__absdata__PWMDTY67__             2   N/I      0x4A2      0x4A3   .absSeg48
.__absdata__PWMDTY45__             2   N/I      0x4A0      0x4A1   .absSeg49
.__absdata__PWMDTY23__             2   N/I      0x49E      0x49F   .absSeg50
.__absdata__PWMDTY01__             2   N/I      0x49C      0x49D   .absSeg51
.__absdata__PWMPER67__             2   N/I      0x49A      0x49B   .absSeg52
.__absdata__PWMPER45__             2   N/I      0x498      0x499   .absSeg53
.__absdata__PWMPER23__             2   N/I      0x496      0x497   .absSeg54
.__absdata__PWMPER01__             2   N/I      0x494      0x495   .absSeg55
.__absdata__PWMCNT67__             2   N/I      0x492      0x493   .absSeg56
.__absdata__PWMCNT45__             2   N/I      0x490      0x491   .absSeg57
.__absdata__PWMCNT23__             2   N/I      0x48E      0x48F   .absSeg58
.__absdata__PWMCNT01__             2   N/I      0x48C      0x48D   .absSeg59
.__absdata__TIM1PACNT__            2   N/I      0x422      0x423   .absSeg60
.__absdata__TIM1TC7__              2   N/I      0x41E      0x41F   .absSeg61
.__absdata__TIM1TC6__              2   N/I      0x41C      0x41D   .absSeg62
.__absdata__TIM1TC5__              2   N/I      0x41A      0x41B   .absSeg63
.__absdata__TIM1TC4__              2   N/I      0x418      0x419   .absSeg64
.__absdata__TIM1TC3__              2   N/I      0x416      0x417   .absSeg65
.__absdata__TIM1TC2__              2   N/I      0x414      0x415   .absSeg66
.__absdata__TIM1TC1__              2   N/I      0x412      0x413   .absSeg67
.__absdata__TIM1TC0__              2   N/I      0x410      0x411   .absSeg68
.__absdata__TIM1TCNT__             2   N/I      0x404      0x405   .absSeg69
.__absdata__ECCDD__                2   N/I      0x3CC      0x3CD   .absSeg70
.__absdata__FCCOB5__               2   N/I      0x396      0x397   .absSeg71
.__absdata__FCCOB4__               2   N/I      0x394      0x395   .absSeg72
.__absdata__FCCOB3__               2   N/I      0x392      0x393   .absSeg73
.__absdata__FCCOB2__               2   N/I      0x390      0x391   .absSeg74
.__absdata__FCCOB1__               2   N/I      0x38E      0x38F   .absSeg75
.__absdata__FCCOB0__               2   N/I      0x38C      0x38D   .absSeg76
.__absdata__PPSEF__                2   N/I      0x268      0x269   .absSeg77
.__absdata__PEREF__                2   N/I      0x266      0x267   .absSeg78
.__absdata__DDREF__                2   N/I      0x264      0x265   .absSeg79
.__absdata__PTIEF__                2   N/I      0x262      0x263   .absSeg80
.__absdata__PTEF__                 2   N/I      0x260      0x261   .absSeg81
.__absdata__PPSCD__                2   N/I      0x248      0x249   .absSeg82
.__absdata__PERCD__                2   N/I      0x246      0x247   .absSeg83
.__absdata__DDRCD__                2   N/I      0x244      0x245   .absSeg84
.__absdata__PTICD__                2   N/I      0x242      0x243   .absSeg85
.__absdata__PTCD__                 2   N/I      0x240      0x241   .absSeg86
.__absdata__PPSAB__                2   N/I      0x228      0x229   .absSeg87
.__absdata__PERAB__                2   N/I      0x226      0x227   .absSeg88
.__absdata__DDRAB__                2   N/I      0x224      0x225   .absSeg89
.__absdata__PTIAB__                2   N/I      0x222      0x223   .absSeg90
.__absdata__PTAB__                 2   N/I      0x220      0x221   .absSeg91
.__absdata__DBGTB__                2   N/I      0x104      0x105   .absSeg92
.__absdata__MMCCCR__               2   N/I       0x82       0x83   .absSeg93
.__absdata__MMCEC__                2   N/I       0x80       0x81   .absSeg94
.__absdata__IVBR__                 2   N/I       0x10       0x11   .absSeg95
.__absdata__SSG0DCNT__             1   N/I      0xB12      0xB12   .absSeg96
.__absdata__SSG0IF__               1   N/I      0xB0E      0xB0E   .absSeg97
.__absdata__SSG0IE__               1   N/I      0xB0D      0xB0D   .absSeg98
.__absdata__SSG0DUR__              1   N/I      0xB0C      0xB0C   .absSeg99
.__absdata__SSG0ADC__              1   N/I      0xB01      0xB01   .absSeg100
.__absdata__SSG0CR__               1   N/I      0xB00      0xB00   .absSeg101
.__absdata__RTCHRR__               1   N/I      0xAEF      0xAEF   .absSeg102
.__absdata__RTCMINR__              1   N/I      0xAEE      0xAEE   .absSeg103
.__absdata__RTCSECR__              1   N/I      0xAED      0xAED   .absSeg104
.__absdata__RTCCCR__               1   N/I      0xAE5      0xAE5   .absSeg105
.__absdata__RTCS1__                1   N/I      0xAE4      0xAE4   .absSeg106
.__absdata__RTCCTL4__              1   N/I      0xAE3      0xAE3   .absSeg107
.__absdata__RTCCTL3__              1   N/I      0xAE2      0xAE2   .absSeg108
.__absdata__RTCCTL2__              1   N/I      0xAE1      0xAE1   .absSeg109
.__absdata__RTCCTL1__              1   N/I      0xAE0      0xAE0   .absSeg110
.__absdata__SSD1FLG__              1   N/I      0xA93      0xA93   .absSeg111
.__absdata__SSD1CTL__              1   N/I      0xA92      0xA92   .absSeg112
.__absdata__MDC1CTL__              1   N/I      0xA91      0xA91   .absSeg113
.__absdata__RTZ1CTL__              1   N/I      0xA90      0xA90   .absSeg114
.__absdata__SSD0FLG__              1   N/I      0xA83      0xA83   .absSeg115
.__absdata__SSD0CTL__              1   N/I      0xA82      0xA82   .absSeg116
.__absdata__MDC0CTL__              1   N/I      0xA81      0xA81   .absSeg117
.__absdata__RTZ0CTL__              1   N/I      0xA80      0xA80   .absSeg118
.__absdata__MCCC3__                1   N/I      0xA53      0xA53   .absSeg119
.__absdata__MCCC2__                1   N/I      0xA52      0xA52   .absSeg120
.__absdata__MCCC1__                1   N/I      0xA51      0xA51   .absSeg121
.__absdata__MCCC0__                1   N/I      0xA50      0xA50   .absSeg122
.__absdata__MCCTL1__               1   N/I      0xA41      0xA41   .absSeg123
.__absdata__MCCTL0__               1   N/I      0xA40      0xA40   .absSeg124
.__absdata__LCDRAM19__             1   N/I      0xA1B      0xA1B   .absSeg125
.__absdata__LCDRAM18__             1   N/I      0xA1A      0xA1A   .absSeg126
.__absdata__LCDRAM17__             1   N/I      0xA19      0xA19   .absSeg127
.__absdata__LCDRAM16__             1   N/I      0xA18      0xA18   .absSeg128
.__absdata__LCDRAM15__             1   N/I      0xA17      0xA17   .absSeg129
.__absdata__LCDRAM14__             1   N/I      0xA16      0xA16   .absSeg130
.__absdata__LCDRAM13__             1   N/I      0xA15      0xA15   .absSeg131
.__absdata__LCDRAM12__             1   N/I      0xA14      0xA14   .absSeg132
.__absdata__LCDRAM11__             1   N/I      0xA13      0xA13   .absSeg133
.__absdata__LCDRAM10__             1   N/I      0xA12      0xA12   .absSeg134
.__absdata__LCDRAM9__              1   N/I      0xA11      0xA11   .absSeg135
.__absdata__LCDRAM8__              1   N/I      0xA10      0xA10   .absSeg136
.__absdata__LCDRAM7__              1   N/I      0xA0F      0xA0F   .absSeg137
.__absdata__LCDRAM6__              1   N/I      0xA0E      0xA0E   .absSeg138
.__absdata__LCDRAM5__              1   N/I      0xA0D      0xA0D   .absSeg139
.__absdata__LCDRAM4__              1   N/I      0xA0C      0xA0C   .absSeg140
.__absdata__LCDRAM3__              1   N/I      0xA0B      0xA0B   .absSeg141
.__absdata__LCDRAM2__              1   N/I      0xA0A      0xA0A   .absSeg142
.__absdata__LCDRAM1__              1   N/I      0xA09      0xA09   .absSeg143
.__absdata__LCDRAM0__              1   N/I      0xA08      0xA08   .absSeg144
.__absdata__LCDFPENR4__            1   N/I      0xA06      0xA06   .absSeg145
.__absdata__LCDFPENR3__            1   N/I      0xA05      0xA05   .absSeg146
.__absdata__LCDFPENR2__            1   N/I      0xA04      0xA04   .absSeg147
.__absdata__LCDFPENR1__            1   N/I      0xA03      0xA03   .absSeg148
.__absdata__LCDFPENR0__            1   N/I      0xA02      0xA02   .absSeg149
.__absdata__LCDCR1__               1   N/I      0xA01      0xA01   .absSeg150
.__absdata__LCDCR0__               1   N/I      0xA00      0xA00   .absSeg151
.__absdata__LP0IF__                1   N/I      0x987      0x987   .absSeg152
.__absdata__LP0IE__                1   N/I      0x986      0x986   .absSeg153
.__absdata__LP0SR__                1   N/I      0x985      0x985   .absSeg154
.__absdata__LP0SLRM__              1   N/I      0x983      0x983   .absSeg155
.__absdata__LP0CR__                1   N/I      0x981      0x981   .absSeg156
.__absdata__LP0DR__                1   N/I      0x980      0x980   .absSeg157
.__absdata__CAN0TXTBPR__           1   N/I      0x83D      0x83D   .absSeg158
.__absdata__CAN0TXDLR__            1   N/I      0x83C      0x83C   .absSeg159
.__absdata__CAN0TXDSR7__           1   N/I      0x83B      0x83B   .absSeg160
.__absdata__CAN0TXDSR6__           1   N/I      0x83A      0x83A   .absSeg161
.__absdata__CAN0TXDSR5__           1   N/I      0x839      0x839   .absSeg162
.__absdata__CAN0TXDSR4__           1   N/I      0x838      0x838   .absSeg163
.__absdata__CAN0TXDSR3__           1   N/I      0x837      0x837   .absSeg164
.__absdata__CAN0TXDSR2__           1   N/I      0x836      0x836   .absSeg165
.__absdata__CAN0TXDSR1__           1   N/I      0x835      0x835   .absSeg166
.__absdata__CAN0TXDSR0__           1   N/I      0x834      0x834   .absSeg167
.__absdata__CAN0TXIDR3__           1   N/I      0x833      0x833   .absSeg168
.__absdata__CAN0TXIDR2__           1   N/I      0x832      0x832   .absSeg169
.__absdata__CAN0TXIDR1__           1   N/I      0x831      0x831   .absSeg170
.__absdata__CAN0TXIDR0__           1   N/I      0x830      0x830   .absSeg171
.__absdata__CAN0RXDLR__            1   N/I      0x82C      0x82C   .absSeg172
.__absdata__CAN0RXDSR7__           1   N/I      0x82B      0x82B   .absSeg173
.__absdata__CAN0RXDSR6__           1   N/I      0x82A      0x82A   .absSeg174
.__absdata__CAN0RXDSR5__           1   N/I      0x829      0x829   .absSeg175
.__absdata__CAN0RXDSR4__           1   N/I      0x828      0x828   .absSeg176
.__absdata__CAN0RXDSR3__           1   N/I      0x827      0x827   .absSeg177
.__absdata__CAN0RXDSR2__           1   N/I      0x826      0x826   .absSeg178
.__absdata__CAN0RXDSR1__           1   N/I      0x825      0x825   .absSeg179
.__absdata__CAN0RXDSR0__           1   N/I      0x824      0x824   .absSeg180
.__absdata__CAN0RXIDR3__           1   N/I      0x823      0x823   .absSeg181
.__absdata__CAN0RXIDR2__           1   N/I      0x822      0x822   .absSeg182
.__absdata__CAN0RXIDR1__           1   N/I      0x821      0x821   .absSeg183
.__absdata__CAN0RXIDR0__           1   N/I      0x820      0x820   .absSeg184
.__absdata__CAN0IDMR7__            1   N/I      0x81F      0x81F   .absSeg185
.__absdata__CAN0IDMR6__            1   N/I      0x81E      0x81E   .absSeg186
.__absdata__CAN0IDMR5__            1   N/I      0x81D      0x81D   .absSeg187
.__absdata__CAN0IDMR4__            1   N/I      0x81C      0x81C   .absSeg188
.__absdata__CAN0IDAR7__            1   N/I      0x81B      0x81B   .absSeg189
.__absdata__CAN0IDAR6__            1   N/I      0x81A      0x81A   .absSeg190
.__absdata__CAN0IDAR5__            1   N/I      0x819      0x819   .absSeg191
.__absdata__CAN0IDAR4__            1   N/I      0x818      0x818   .absSeg192
.__absdata__CAN0IDMR3__            1   N/I      0x817      0x817   .absSeg193
.__absdata__CAN0IDMR2__            1   N/I      0x816      0x816   .absSeg194
.__absdata__CAN0IDMR1__            1   N/I      0x815      0x815   .absSeg195
.__absdata__CAN0IDMR0__            1   N/I      0x814      0x814   .absSeg196
.__absdata__CAN0IDAR3__            1   N/I      0x813      0x813   .absSeg197
.__absdata__CAN0IDAR2__            1   N/I      0x812      0x812   .absSeg198
.__absdata__CAN0IDAR1__            1   N/I      0x811      0x811   .absSeg199
.__absdata__CAN0IDAR0__            1   N/I      0x810      0x810   .absSeg200
.__absdata__CAN0TXERR__            1   N/I      0x80F      0x80F   .absSeg201
.__absdata__CAN0RXERR__            1   N/I      0x80E      0x80E   .absSeg202
.__absdata__CAN0MISC__             1   N/I      0x80D      0x80D   .absSeg203
.__absdata__CAN0IDAC__             1   N/I      0x80B      0x80B   .absSeg204
.__absdata__CAN0TBSEL__            1   N/I      0x80A      0x80A   .absSeg205
.__absdata__CAN0TAAK__             1   N/I      0x809      0x809   .absSeg206
.__absdata__CAN0TARQ__             1   N/I      0x808      0x808   .absSeg207
.__absdata__CAN0TIER__             1   N/I      0x807      0x807   .absSeg208
.__absdata__CAN0TFLG__             1   N/I      0x806      0x806   .absSeg209
.__absdata__CAN0RIER__             1   N/I      0x805      0x805   .absSeg210
.__absdata__CAN0RFLG__             1   N/I      0x804      0x804   .absSeg211
.__absdata__CAN0BTR1__             1   N/I      0x803      0x803   .absSeg212
.__absdata__CAN0BTR0__             1   N/I      0x802      0x802   .absSeg213
.__absdata__CAN0CTL1__             1   N/I      0x801      0x801   .absSeg214
.__absdata__CAN0CTL0__             1   N/I      0x800      0x800   .absSeg215
.__absdata__IIC0IBCR2__            1   N/I      0x7C5      0x7C5   .absSeg216
.__absdata__IIC0IBDR__             1   N/I      0x7C4      0x7C4   .absSeg217
.__absdata__IIC0IBSR__             1   N/I      0x7C3      0x7C3   .absSeg218
.__absdata__IIC0IBCR__             1   N/I      0x7C2      0x7C2   .absSeg219
.__absdata__IIC0IBFD__             1   N/I      0x7C1      0x7C1   .absSeg220
.__absdata__IIC0IBAD__             1   N/I      0x7C0      0x7C0   .absSeg221
.__absdata__SPI0SR__               1   N/I      0x783      0x783   .absSeg222
.__absdata__SPI0BR__               1   N/I      0x782      0x782   .absSeg223
.__absdata__SPI0CR2__              1   N/I      0x781      0x781   .absSeg224
.__absdata__SPI0CR1__              1   N/I      0x780      0x780   .absSeg225
.__absdata__SCI1DRL__              1   N/I      0x717      0x717   .absSeg226
.__absdata__SCI1DRH__              1   N/I      0x716      0x716   .absSeg227
.__absdata__SCI1SR2__              1   N/I      0x715      0x715   .absSeg228
.__absdata__SCI1SR1__              1   N/I      0x714      0x714   .absSeg229
.__absdata__SCI1CR2__              1   N/I      0x713      0x713   .absSeg230
.__absdata__SCI1ACR2__             1   N/I      0x712      0x712   .absSeg231
.__absdata__SCI0DRL__              1   N/I      0x707      0x707   .absSeg232
.__absdata__SCI0DRH__              1   N/I      0x706      0x706   .absSeg233
.__absdata__SCI0SR2__              1   N/I      0x705      0x705   .absSeg234
.__absdata__SCI0SR1__              1   N/I      0x704      0x704   .absSeg235
.__absdata__SCI0CR2__              1   N/I      0x703      0x703   .absSeg236
.__absdata__SCI0ACR2__             1   N/I      0x702      0x702   .absSeg237
.__absdata__BATIF__                1   N/I      0x6F3      0x6F3   .absSeg238
.__absdata__BATIE__                1   N/I      0x6F2      0x6F2   .absSeg239
.__absdata__BATSR__                1   N/I      0x6F1      0x6F1   .absSeg240
.__absdata__BATE__                 1   N/I      0x6F0      0x6F0   .absSeg241
.__absdata__CPMUOSC2__             1   N/I      0x6DE      0x6DE   .absSeg242
.__absdata__CPMUVREGCTL__          1   N/I      0x6DD      0x6DD   .absSeg243
.__absdata__CPMUPROT__             1   N/I      0x6DB      0x6DB   .absSeg244
.__absdata__CPMUOSC__              1   N/I      0x6DA      0x6DA   .absSeg245
.__absdata__CPMUHTTR__             1   N/I      0x6D7      0x6D7   .absSeg246
.__absdata__CPMUACLKTR__           1   N/I      0x6D3      0x6D3   .absSeg247
.__absdata__CPMUAPICTL__           1   N/I      0x6D2      0x6D2   .absSeg248
.__absdata__CPMULVCTL__            1   N/I      0x6D1      0x6D1   .absSeg249
.__absdata__CPMUHTCTL__            1   N/I      0x6D0      0x6D0   .absSeg250
.__absdata__CPMUARMCOP__           1   N/I      0x6CF      0x6CF   .absSeg251
.__absdata__CPMUCOP__              1   N/I      0x6CC      0x6CC   .absSeg252
.__absdata__CPMURTI__              1   N/I      0x6CB      0x6CB   .absSeg253
.__absdata__CPMUPLL__              1   N/I      0x6CA      0x6CA   .absSeg254
.__absdata__CPMUCLKS__             1   N/I      0x6C9      0x6C9   .absSeg255
.__absdata__CPMUINT__              1   N/I      0x6C8      0x6C8   .absSeg256
.__absdata__CPMUIFLG__             1   N/I      0x6C7      0x6C7   .absSeg257
.__absdata__CPMUPOSTDIV__          1   N/I      0x6C6      0x6C6   .absSeg258
.__absdata__CPMUREFDIV__           1   N/I      0x6C5      0x6C5   .absSeg259
.__absdata__CPMUSYNR__             1   N/I      0x6C4      0x6C4   .absSeg260
.__absdata__CPMURFLG__             1   N/I      0x6C3      0x6C3   .absSeg261
.__absdata__ADC0CROFF1__           1   N/I      0x625      0x625   .absSeg262
.__absdata__ADC0CROFF0__           1   N/I      0x624      0x624   .absSeg263
.__absdata__ADC0RBP_2__            1   N/I      0x623      0x623   .absSeg264
.__absdata__ADC0RBP_1__            1   N/I      0x622      0x622   .absSeg265
.__absdata__ADC0RBP_0__            1   N/I      0x621      0x621   .absSeg266
.__absdata__ADC0RIDX__             1   N/I      0x620      0x620   .absSeg267
.__absdata__ADC0CBP_2__            1   N/I      0x61F      0x61F   .absSeg268
.__absdata__ADC0CBP_1__            1   N/I      0x61E      0x61E   .absSeg269
.__absdata__ADC0CBP_0__            1   N/I      0x61D      0x61D   .absSeg270
.__absdata__ADC0CIDX__             1   N/I      0x61C      0x61C   .absSeg271
.__absdata__ADC0EOLRI__            1   N/I      0x610      0x610   .absSeg272
.__absdata__ADC0IF__               1   N/I      0x609      0x609   .absSeg273
.__absdata__ADC0EIF__              1   N/I      0x608      0x608   .absSeg274
.__absdata__ADC0IE__               1   N/I      0x607      0x607   .absSeg275
.__absdata__ADC0EIE__              1   N/I      0x606      0x606   .absSeg276
.__absdata__ADC0FLWCTL__           1   N/I      0x605      0x605   .absSeg277
.__absdata__ADC0FMT__              1   N/I      0x604      0x604   .absSeg278
.__absdata__ADC0TIM__              1   N/I      0x603      0x603   .absSeg279
.__absdata__ADC0STS__              1   N/I      0x602      0x602   .absSeg280
.__absdata__TIM0PTPSR__            1   N/I      0x5EE      0x5EE   .absSeg281
.__absdata__TIM0OCPD__             1   N/I      0x5EC      0x5EC   .absSeg282
.__absdata__TIM0PAFLG__            1   N/I      0x5E1      0x5E1   .absSeg283
.__absdata__TIM0PACTL__            1   N/I      0x5E0      0x5E0   .absSeg284
.__absdata__TIM0TFLG2__            1   N/I      0x5CF      0x5CF   .absSeg285
.__absdata__TIM0TFLG1__            1   N/I      0x5CE      0x5CE   .absSeg286
.__absdata__TIM0TSCR2__            1   N/I      0x5CD      0x5CD   .absSeg287
.__absdata__TIM0TIE__              1   N/I      0x5CC      0x5CC   .absSeg288
.__absdata__TIM0TCTL4__            1   N/I      0x5CB      0x5CB   .absSeg289
.__absdata__TIM0TCTL3__            1   N/I      0x5CA      0x5CA   .absSeg290
.__absdata__TIM0TCTL2__            1   N/I      0x5C9      0x5C9   .absSeg291
.__absdata__TIM0TCTL1__            1   N/I      0x5C8      0x5C8   .absSeg292
.__absdata__TIM0TTOV__             1   N/I      0x5C7      0x5C7   .absSeg293
.__absdata__TIM0TSCR1__            1   N/I      0x5C6      0x5C6   .absSeg294
.__absdata__TIM0OC7D__             1   N/I      0x5C3      0x5C3   .absSeg295
.__absdata__TIM0OC7M__             1   N/I      0x5C2      0x5C2   .absSeg296
.__absdata__TIM0CFORC__            1   N/I      0x5C1      0x5C1   .absSeg297
.__absdata__TIM0TIOS__             1   N/I      0x5C0      0x5C0   .absSeg298
.__absdata__PWMSCLB__              1   N/I      0x489      0x489   .absSeg299
.__absdata__PWMSCLA__              1   N/I      0x488      0x488   .absSeg300
.__absdata__PWMCLKAB__             1   N/I      0x486      0x486   .absSeg301
.__absdata__PWMCTL__               1   N/I      0x485      0x485   .absSeg302
.__absdata__PWMCAE__               1   N/I      0x484      0x484   .absSeg303
.__absdata__PWMPRCLK__             1   N/I      0x483      0x483   .absSeg304
.__absdata__PWMCLK__               1   N/I      0x482      0x482   .absSeg305
.__absdata__PWMPOL__               1   N/I      0x481      0x481   .absSeg306
.__absdata__PWME__                 1   N/I      0x480      0x480   .absSeg307
.__absdata__TIM1PTPSR__            1   N/I      0x42E      0x42E   .absSeg308
.__absdata__TIM1OCPD__             1   N/I      0x42C      0x42C   .absSeg309
.__absdata__TIM1PAFLG__            1   N/I      0x421      0x421   .absSeg310
.__absdata__TIM1PACTL__            1   N/I      0x420      0x420   .absSeg311
.__absdata__TIM1TFLG2__            1   N/I      0x40F      0x40F   .absSeg312
.__absdata__TIM1TFLG1__            1   N/I      0x40E      0x40E   .absSeg313
.__absdata__TIM1TSCR2__            1   N/I      0x40D      0x40D   .absSeg314
.__absdata__TIM1TIE__              1   N/I      0x40C      0x40C   .absSeg315
.__absdata__TIM1TCTL4__            1   N/I      0x40B      0x40B   .absSeg316
.__absdata__TIM1TCTL3__            1   N/I      0x40A      0x40A   .absSeg317
.__absdata__TIM1TCTL2__            1   N/I      0x409      0x409   .absSeg318
.__absdata__TIM1TCTL1__            1   N/I      0x408      0x408   .absSeg319
.__absdata__TIM1TTOV__             1   N/I      0x407      0x407   .absSeg320
.__absdata__TIM1TSCR1__            1   N/I      0x406      0x406   .absSeg321
.__absdata__TIM1OC7D__             1   N/I      0x403      0x403   .absSeg322
.__absdata__TIM1OC7M__             1   N/I      0x402      0x402   .absSeg323
.__absdata__TIM1CFORC__            1   N/I      0x401      0x401   .absSeg324
.__absdata__TIM1TIOS__             1   N/I      0x400      0x400   .absSeg325
.__absdata__ECCDCMD__              1   N/I      0x3CF      0x3CF   .absSeg326
.__absdata__ECCDE__                1   N/I      0x3CE      0x3CE   .absSeg327
.__absdata__ECCDPTRL__             1   N/I      0x3C9      0x3C9   .absSeg328
.__absdata__ECCDPTRM__             1   N/I      0x3C8      0x3C8   .absSeg329
.__absdata__ECCDPTRH__             1   N/I      0x3C7      0x3C7   .absSeg330
.__absdata__ECCIF__                1   N/I      0x3C2      0x3C2   .absSeg331
.__absdata__ECCIE__                1   N/I      0x3C1      0x3C1   .absSeg332
.__absdata__ECCSTAT__              1   N/I      0x3C0      0x3C0   .absSeg333
.__absdata__FOPT__                 1   N/I      0x38A      0x38A   .absSeg334
.__absdata__DFPROT__               1   N/I      0x389      0x389   .absSeg335
.__absdata__FPROT__                1   N/I      0x388      0x388   .absSeg336
.__absdata__FERSTAT__              1   N/I      0x387      0x387   .absSeg337
.__absdata__FSTAT__                1   N/I      0x386      0x386   .absSeg338
.__absdata__FERCNFG__              1   N/I      0x385      0x385   .absSeg339
.__absdata__FCNFG__                1   N/I      0x384      0x384   .absSeg340
.__absdata__FPSTAT__               1   N/I      0x383      0x383   .absSeg341
.__absdata__FCCOBIX__              1   N/I      0x382      0x382   .absSeg342
.__absdata__FSEC__                 1   N/I      0x381      0x381   .absSeg343
.__absdata__FCLKDIV__              1   N/I      0x380      0x380   .absSeg344
.__absdata__SRRU__                 1   N/I      0x35E      0x35E   .absSeg345
.__absdata__PPSU__                 1   N/I      0x354      0x354   .absSeg346
.__absdata__PERU__                 1   N/I      0x353      0x353   .absSeg347
.__absdata__DDRU__                 1   N/I      0x352      0x352   .absSeg348
.__absdata__PTIU__                 1   N/I      0x351      0x351   .absSeg349
.__absdata__PTU__                  1   N/I      0x350      0x350   .absSeg350
.__absdata__PPSG__                 1   N/I      0x324      0x324   .absSeg351
.__absdata__PERG__                 1   N/I      0x323      0x323   .absSeg352
.__absdata__DDRG__                 1   N/I      0x322      0x322   .absSeg353
.__absdata__PTIG__                 1   N/I      0x321      0x321   .absSeg354
.__absdata__PTG__                  1   N/I      0x320      0x320   .absSeg355
.__absdata__PPSJ__                 1   N/I      0x314      0x314   .absSeg356
.__absdata__PERJ__                 1   N/I      0x313      0x313   .absSeg357
.__absdata__DDRJ__                 1   N/I      0x312      0x312   .absSeg358
.__absdata__PTIJ__                 1   N/I      0x311      0x311   .absSeg359
.__absdata__PTJ__                  1   N/I      0x310      0x310   .absSeg360
.__absdata__PPSH__                 1   N/I      0x304      0x304   .absSeg361
.__absdata__PERH__                 1   N/I      0x303      0x303   .absSeg362
.__absdata__DDRH__                 1   N/I      0x302      0x302   .absSeg363
.__absdata__PTIH__                 1   N/I      0x301      0x301   .absSeg364
.__absdata__PTH__                  1   N/I      0x300      0x300   .absSeg365
.__absdata__PPSP__                 1   N/I      0x2F4      0x2F4   .absSeg366
.__absdata__PERP__                 1   N/I      0x2F3      0x2F3   .absSeg367
.__absdata__DDRP__                 1   N/I      0x2F2      0x2F2   .absSeg368
.__absdata__PTIP__                 1   N/I      0x2F1      0x2F1   .absSeg369
.__absdata__PTP__                  1   N/I      0x2F0      0x2F0   .absSeg370
.__absdata__WOMS__                 1   N/I      0x2DF      0x2DF   .absSeg371
.__absdata__PIFS__                 1   N/I      0x2D7      0x2D7   .absSeg372
.__absdata__PIES__                 1   N/I      0x2D6      0x2D6   .absSeg373
.__absdata__PPSS__                 1   N/I      0x2D4      0x2D4   .absSeg374
.__absdata__PERS__                 1   N/I      0x2D3      0x2D3   .absSeg375
.__absdata__DDRS__                 1   N/I      0x2D2      0x2D2   .absSeg376
.__absdata__PTIS__                 1   N/I      0x2D1      0x2D1   .absSeg377
.__absdata__PTS__                  1   N/I      0x2D0      0x2D0   .absSeg378
.__absdata__PIFT__                 1   N/I      0x2C7      0x2C7   .absSeg379
.__absdata__PIET__                 1   N/I      0x2C6      0x2C6   .absSeg380
.__absdata__PPST__                 1   N/I      0x2C4      0x2C4   .absSeg381
.__absdata__PERT__                 1   N/I      0x2C3      0x2C3   .absSeg382
.__absdata__DDRT__                 1   N/I      0x2C2      0x2C2   .absSeg383
.__absdata__PTIT__                 1   N/I      0x2C1      0x2C1   .absSeg384
.__absdata__PTT__                  1   N/I      0x2C0      0x2C0   .absSeg385
.__absdata__DIENADL__              1   N/I      0x299      0x299   .absSeg386
.__absdata__PIFADL__               1   N/I      0x28F      0x28F   .absSeg387
.__absdata__PIEADL__               1   N/I      0x28D      0x28D   .absSeg388
.__absdata__PPSADL__               1   N/I      0x289      0x289   .absSeg389
.__absdata__PERADL__               1   N/I      0x287      0x287   .absSeg390
.__absdata__DDRADL__               1   N/I      0x285      0x285   .absSeg391
.__absdata__PTIADL__               1   N/I      0x283      0x283   .absSeg392
.__absdata__PTADL__                1   N/I      0x281      0x281   .absSeg393
.__absdata__WOMA__                 1   N/I      0x23E      0x23E   .absSeg394
.__absdata__PIMMISC__              1   N/I      0x20A      0x20A   .absSeg395
.__absdata__IRQCR__                1   N/I      0x209      0x209   .absSeg396
.__absdata__ECLKCTL__              1   N/I      0x208      0x208   .absSeg397
.__absdata__MODRR3__               1   N/I      0x203      0x203   .absSeg398
.__absdata__MODRR2__               1   N/I      0x202      0x202   .absSeg399
.__absdata__MODRR1__               1   N/I      0x201      0x201   .absSeg400
.__absdata__MODRR0__               1   N/I      0x200      0x200   .absSeg401
.__absdata__DBGDAL__               1   N/I      0x147      0x147   .absSeg402
.__absdata__DBGDAM__               1   N/I      0x146      0x146   .absSeg403
.__absdata__DBGDAH__               1   N/I      0x145      0x145   .absSeg404
.__absdata__DBGDCTL__              1   N/I      0x140      0x140   .absSeg405
.__absdata__DBGCDM3__              1   N/I      0x13F      0x13F   .absSeg406
.__absdata__DBGCDM2__              1   N/I      0x13E      0x13E   .absSeg407
.__absdata__DBGCDM1__              1   N/I      0x13D      0x13D   .absSeg408
.__absdata__DBGCDM0__              1   N/I      0x13C      0x13C   .absSeg409
.__absdata__DBGCD3__               1   N/I      0x13B      0x13B   .absSeg410
.__absdata__DBGCD2__               1   N/I      0x13A      0x13A   .absSeg411
.__absdata__DBGCD1__               1   N/I      0x139      0x139   .absSeg412
.__absdata__DBGCD0__               1   N/I      0x138      0x138   .absSeg413
.__absdata__DBGCAL__               1   N/I      0x137      0x137   .absSeg414
.__absdata__DBGCAM__               1   N/I      0x136      0x136   .absSeg415
.__absdata__DBGCAH__               1   N/I      0x135      0x135   .absSeg416
.__absdata__DBGCCTL__              1   N/I      0x130      0x130   .absSeg417
.__absdata__DBGBAL__               1   N/I      0x127      0x127   .absSeg418
.__absdata__DBGBAM__               1   N/I      0x126      0x126   .absSeg419
.__absdata__DBGBAH__               1   N/I      0x125      0x125   .absSeg420
.__absdata__DBGBCTL__              1   N/I      0x120      0x120   .absSeg421
.__absdata__DBGADM3__              1   N/I      0x11F      0x11F   .absSeg422
.__absdata__DBGADM2__              1   N/I      0x11E      0x11E   .absSeg423
.__absdata__DBGADM1__              1   N/I      0x11D      0x11D   .absSeg424
.__absdata__DBGADM0__              1   N/I      0x11C      0x11C   .absSeg425
.__absdata__DBGAD3__               1   N/I      0x11B      0x11B   .absSeg426
.__absdata__DBGAD2__               1   N/I      0x11A      0x11A   .absSeg427
.__absdata__DBGAD1__               1   N/I      0x119      0x119   .absSeg428
.__absdata__DBGAD0__               1   N/I      0x118      0x118   .absSeg429
.__absdata__DBGAAL__               1   N/I      0x117      0x117   .absSeg430
.__absdata__DBGAAM__               1   N/I      0x116      0x116   .absSeg431
.__absdata__DBGAAH__               1   N/I      0x115      0x115   .absSeg432
.__absdata__DBGACTL__              1   N/I      0x110      0x110   .absSeg433
.__absdata__DBGSR__                1   N/I      0x10B      0x10B   .absSeg434
.__absdata__DBGEFR__               1   N/I      0x10A      0x10A   .absSeg435
.__absdata__DBGSCR3__              1   N/I      0x109      0x109   .absSeg436
.__absdata__DBGSCR2__              1   N/I      0x108      0x108   .absSeg437
.__absdata__DBGSCR1__              1   N/I      0x107      0x107   .absSeg438
.__absdata__DBGCNT__               1   N/I      0x106      0x106   .absSeg439
.__absdata__DBGTCRL__              1   N/I      0x103      0x103   .absSeg440
.__absdata__DBGTCRH__              1   N/I      0x102      0x102   .absSeg441
.__absdata__DBGC2__                1   N/I      0x101      0x101   .absSeg442
.__absdata__DBGC1__                1   N/I      0x100      0x100   .absSeg443
.__absdata__MMCPCL__               1   N/I       0x87       0x87   .absSeg444
.__absdata__MMCPCM__               1   N/I       0x86       0x86   .absSeg445
.__absdata__MMCPCH__               1   N/I       0x85       0x85   .absSeg446
.__absdata__MODE__                 1   N/I       0x70       0x70   .absSeg447
.__absdata__INT_CFDATA7__          1   N/I       0x1F       0x1F   .absSeg448
.__absdata__INT_CFDATA6__          1   N/I       0x1E       0x1E   .absSeg449
.__absdata__INT_CFDATA5__          1   N/I       0x1D       0x1D   .absSeg450
.__absdata__INT_CFDATA4__          1   N/I       0x1C       0x1C   .absSeg451
.__absdata__INT_CFDATA3__          1   N/I       0x1B       0x1B   .absSeg452
.__absdata__INT_CFDATA2__          1   N/I       0x1A       0x1A   .absSeg453
.__absdata__INT_CFDATA1__          1   N/I       0x19       0x19   .absSeg454
.__absdata__INT_CFDATA0__          1   N/I       0x18       0x18   .absSeg455
.__absdata__INT_CFADDR__           1   N/I       0x17       0x17   .absSeg456
.__absdata__InterruptVectorTable__        492     R   0xFF8010   0xFF81FB   .absSeg457
.__absdata__ResetVectorTable__          4     R   0xFFE7FC   0xFFE7FF   .absSeg458
.stack                           512   R/W     0x1000     0x11FF   RAM

Summary of section sizes per section type:
READ_ONLY (R):         3B4 (dec:      948)
READ_WRITE (R/W):      200 (dec:      512)
NO_INIT (N/I):         235 (dec:      565)

*********************************************************************************************
VECTOR-ALLOCATION SECTION
    Address     InitValue   InitFunction
---------------------------------------------------------------------------------------------

*********************************************************************************************
OBJECT-ALLOCATION SECTION
     Name               Module                 Addr   hSize   dSize     Ref    Section   RLIB
---------------------------------------------------------------------------------------------
MODULE:                 -- Events_c.obj --
- PROCEDURES:
     MC_ISR                                  FF8278       6       6       1   NON_BANKED  
- VARIABLES:
MODULE:                 -- main_c.obj --
- PROCEDURES:
     main                                    FF827E       6       6       1   .text       
- VARIABLES:
MODULE:                 -- starts12z_c.obj --
- PROCEDURES:
     DoZeroOut                               FF8284      19      25       1   .text       
     DoCopyDown                              FF829D      15      21       1   .text       
     _Startup                                FF82B2      10      16       1   .text       
- VARIABLES:
     _startupData                            FF825D       A      10       3   .startData  
- LABELS:
     __SEG_END_SSTACK                          1200       0       0       1               
MODULE:                 -- Cpu_c.obj --
- PROCEDURES:
     Cpu_Interrupt                           FF8200       3       3     122   .init       
     _EntryPoint                             FF8203      5A      90       1   .init       
     PE_low_level_init                       FF82C2      DB     219       1   .text       
- VARIABLES:
MODULE:                 -- IO_Map_c.obj --
- PROCEDURES:
- VARIABLES:
     ADC0RBP                                    621       3       3       0   .__absdata_ADC0RBP__
     ADC0CBP                                    61D       3       3       0   .__absdata_ADC0CBP__
     ECCDPTR                                    3C7       3       3       0   .__absdata_ECCDPTR__
     DBGDA                                      145       3       3       0   .__absdata_DBGDA__
     DBGCA                                      135       3       3       0   .__absdata_DBGCA__
     DBGBA                                      125       3       3       0   .__absdata_DBGBA__
     DBGAA                                      115       3       3       0   .__absdata_DBGAA__
     MMCPC                                       85       3       3       0   .__absdata_MMCPC__
     _ADC0CMD                                   614       4       4       0   .__absdata__ADC0CMD__
     _PARTID                                      0       4       4       0   .__absdata__PARTID__
     _SSG0AMPB                                  B10       2       2       0   .__absdata__SSG0AMPB__
     _SSG0AT                                    B0A       2       2       0   .__absdata__SSG0AT__
     _SSG0AA                                    B08       2       2       0   .__absdata__SSG0AA__
     _SSG0AMP                                   B06       2       2       0   .__absdata__SSG0AMP__
     _SSG0TONE                                  B04       2       2       0   .__absdata__SSG0TONE__
     _SSG0PS                                    B02       2       2       0   .__absdata__SSG0PS__
     _RTCCNT                                    AE8       2       2       0   .__absdata__RTCCNT__
     _RTCMOD                                    AE6       2       2       0   .__absdata__RTCMOD__
     _ITG1ACC                                   A96       2       2       0   .__absdata__ITG1ACC__
     _MDC1CNT                                   A94       2       2       0   .__absdata__MDC1CNT__
     _ITG0ACC                                   A86       2       2       0   .__absdata__ITG0ACC__
     _MDC0CNT                                   A84       2       2       0   .__absdata__MDC0CNT__
     _MCDC3                                     A66       2       2       0   .__absdata__MCDC3__
     _MCDC2                                     A64       2       2       0   .__absdata__MCDC2__
     _MCDC1                                     A62       2       2       0   .__absdata__MCDC1__
     _MCDC0                                     A60       2       2       0   .__absdata__MCDC0__
     _MCPER                                     A42       2       2       0   .__absdata__MCPER__
     _CAN0TXTSR                                 83E       2       2       0   .__absdata__CAN0TXTSR__
     _CAN0RXTSR                                 82E       2       2       0   .__absdata__CAN0RXTSR__
     _SPI0DR                                    784       2       2       0   .__absdata__SPI0DR__
     _SCI1BD                                    710       2       2       0   .__absdata__SCI1BD__
     _SCI0BD                                    700       2       2       0   .__absdata__SCI0BD__
     _CPMUIRCTRIM                               6D8       2       2       0   .__absdata__CPMUIRCTRIM__
     _CPMUAPIR                                  6D4       2       2       0   .__absdata__CPMUAPIR__
     _ADC0IMDRI                                 60E       2       2       0   .__absdata__ADC0IMDRI__
     _ADC0CONIF                                 60C       2       2       0   .__absdata__ADC0CONIF__
     _ADC0CONIE                                 60A       2       2       0   .__absdata__ADC0CONIE__
     _ADC0CTL                                   600       2       2       0   .__absdata__ADC0CTL__
     _TIM0PACNT                                 5E2       2       2       0   .__absdata__TIM0PACNT__
     _TIM0TC7                                   5DE       2       2       0   .__absdata__TIM0TC7__
     _TIM0TC6                                   5DC       2       2       0   .__absdata__TIM0TC6__
     _TIM0TC5                                   5DA       2       2       0   .__absdata__TIM0TC5__
     _TIM0TC4                                   5D8       2       2       0   .__absdata__TIM0TC4__
     _TIM0TC3                                   5D6       2       2       0   .__absdata__TIM0TC3__
     _TIM0TC2                                   5D4       2       2       0   .__absdata__TIM0TC2__
     _TIM0TC1                                   5D2       2       2       0   .__absdata__TIM0TC1__
     _TIM0TC0                                   5D0       2       2       0   .__absdata__TIM0TC0__
     _TIM0TCNT                                  5C4       2       2       0   .__absdata__TIM0TCNT__
     _PWMDTY67                                  4A2       2       2       0   .__absdata__PWMDTY67__
     _PWMDTY45                                  4A0       2       2       0   .__absdata__PWMDTY45__
     _PWMDTY23                                  49E       2       2       0   .__absdata__PWMDTY23__
     _PWMDTY01                                  49C       2       2       0   .__absdata__PWMDTY01__
     _PWMPER67                                  49A       2       2       0   .__absdata__PWMPER67__
     _PWMPER45                                  498       2       2       0   .__absdata__PWMPER45__
     _PWMPER23                                  496       2       2       0   .__absdata__PWMPER23__
     _PWMPER01                                  494       2       2       0   .__absdata__PWMPER01__
     _PWMCNT67                                  492       2       2       0   .__absdata__PWMCNT67__
     _PWMCNT45                                  490       2       2       0   .__absdata__PWMCNT45__
     _PWMCNT23                                  48E       2       2       0   .__absdata__PWMCNT23__
     _PWMCNT01                                  48C       2       2       0   .__absdata__PWMCNT01__
     _TIM1PACNT                                 422       2       2       0   .__absdata__TIM1PACNT__
     _TIM1TC7                                   41E       2       2       0   .__absdata__TIM1TC7__
     _TIM1TC6                                   41C       2       2       0   .__absdata__TIM1TC6__
     _TIM1TC5                                   41A       2       2       0   .__absdata__TIM1TC5__
     _TIM1TC4                                   418       2       2       0   .__absdata__TIM1TC4__
     _TIM1TC3                                   416       2       2       0   .__absdata__TIM1TC3__
     _TIM1TC2                                   414       2       2       0   .__absdata__TIM1TC2__
     _TIM1TC1                                   412       2       2       0   .__absdata__TIM1TC1__
     _TIM1TC0                                   410       2       2       0   .__absdata__TIM1TC0__
     _TIM1TCNT                                  404       2       2       0   .__absdata__TIM1TCNT__
     _ECCDD                                     3CC       2       2       0   .__absdata__ECCDD__
     _FCCOB5                                    396       2       2       0   .__absdata__FCCOB5__
     _FCCOB4                                    394       2       2       0   .__absdata__FCCOB4__
     _FCCOB3                                    392       2       2       0   .__absdata__FCCOB3__
     _FCCOB2                                    390       2       2       0   .__absdata__FCCOB2__
     _FCCOB1                                    38E       2       2       0   .__absdata__FCCOB1__
     _FCCOB0                                    38C       2       2       0   .__absdata__FCCOB0__
     _PPSEF                                     268       2       2       0   .__absdata__PPSEF__
     _PEREF                                     266       2       2       0   .__absdata__PEREF__
     _DDREF                                     264       2       2       0   .__absdata__DDREF__
     _PTIEF                                     262       2       2       0   .__absdata__PTIEF__
     _PTEF                                      260       2       2       0   .__absdata__PTEF__
     _PPSCD                                     248       2       2       0   .__absdata__PPSCD__
     _PERCD                                     246       2       2       0   .__absdata__PERCD__
     _DDRCD                                     244       2       2       0   .__absdata__DDRCD__
     _PTICD                                     242       2       2       0   .__absdata__PTICD__
     _PTCD                                      240       2       2       0   .__absdata__PTCD__
     _PPSAB                                     228       2       2       0   .__absdata__PPSAB__
     _PERAB                                     226       2       2       0   .__absdata__PERAB__
     _DDRAB                                     224       2       2       0   .__absdata__DDRAB__
     _PTIAB                                     222       2       2       0   .__absdata__PTIAB__
     _PTAB                                      220       2       2       0   .__absdata__PTAB__
     _DBGTB                                     104       2       2       0   .__absdata__DBGTB__
     _MMCCCR                                     82       2       2       0   .__absdata__MMCCCR__
     _MMCEC                                      80       2       2       0   .__absdata__MMCEC__
     _IVBR                                       10       2       2       0   .__absdata__IVBR__
     _SSG0DCNT                                  B12       1       1       0   .__absdata__SSG0DCNT__
     _SSG0IF                                    B0E       1       1       0   .__absdata__SSG0IF__
     _SSG0IE                                    B0D       1       1       0   .__absdata__SSG0IE__
     _SSG0DUR                                   B0C       1       1       0   .__absdata__SSG0DUR__
     _SSG0ADC                                   B01       1       1       0   .__absdata__SSG0ADC__
     _SSG0CR                                    B00       1       1       0   .__absdata__SSG0CR__
     _RTCHRR                                    AEF       1       1       0   .__absdata__RTCHRR__
     _RTCMINR                                   AEE       1       1       0   .__absdata__RTCMINR__
     _RTCSECR                                   AED       1       1       0   .__absdata__RTCSECR__
     _RTCCCR                                    AE5       1       1       0   .__absdata__RTCCCR__
     _RTCS1                                     AE4       1       1       0   .__absdata__RTCS1__
     _RTCCTL4                                   AE3       1       1       0   .__absdata__RTCCTL4__
     _RTCCTL3                                   AE2       1       1       0   .__absdata__RTCCTL3__
     _RTCCTL2                                   AE1       1       1       0   .__absdata__RTCCTL2__
     _RTCCTL1                                   AE0       1       1       0   .__absdata__RTCCTL1__
     _SSD1FLG                                   A93       1       1       0   .__absdata__SSD1FLG__
     _SSD1CTL                                   A92       1       1       0   .__absdata__SSD1CTL__
     _MDC1CTL                                   A91       1       1       0   .__absdata__MDC1CTL__
     _RTZ1CTL                                   A90       1       1       0   .__absdata__RTZ1CTL__
     _SSD0FLG                                   A83       1       1       0   .__absdata__SSD0FLG__
     _SSD0CTL                                   A82       1       1       0   .__absdata__SSD0CTL__
     _MDC0CTL                                   A81       1       1       0   .__absdata__MDC0CTL__
     _RTZ0CTL                                   A80       1       1       0   .__absdata__RTZ0CTL__
     _MCCC3                                     A53       1       1       0   .__absdata__MCCC3__
     _MCCC2                                     A52       1       1       0   .__absdata__MCCC2__
     _MCCC1                                     A51       1       1       0   .__absdata__MCCC1__
     _MCCC0                                     A50       1       1       0   .__absdata__MCCC0__
     _MCCTL1                                    A41       1       1       0   .__absdata__MCCTL1__
     _MCCTL0                                    A40       1       1       0   .__absdata__MCCTL0__
     _LCDRAM19                                  A1B       1       1       0   .__absdata__LCDRAM19__
     _LCDRAM18                                  A1A       1       1       0   .__absdata__LCDRAM18__
     _LCDRAM17                                  A19       1       1       0   .__absdata__LCDRAM17__
     _LCDRAM16                                  A18       1       1       0   .__absdata__LCDRAM16__
     _LCDRAM15                                  A17       1       1       0   .__absdata__LCDRAM15__
     _LCDRAM14                                  A16       1       1       0   .__absdata__LCDRAM14__
     _LCDRAM13                                  A15       1       1       0   .__absdata__LCDRAM13__
     _LCDRAM12                                  A14       1       1       0   .__absdata__LCDRAM12__
     _LCDRAM11                                  A13       1       1       0   .__absdata__LCDRAM11__
     _LCDRAM10                                  A12       1       1       0   .__absdata__LCDRAM10__
     _LCDRAM9                                   A11       1       1       0   .__absdata__LCDRAM9__
     _LCDRAM8                                   A10       1       1       0   .__absdata__LCDRAM8__
     _LCDRAM7                                   A0F       1       1       0   .__absdata__LCDRAM7__
     _LCDRAM6                                   A0E       1       1       0   .__absdata__LCDRAM6__
     _LCDRAM5                                   A0D       1       1       0   .__absdata__LCDRAM5__
     _LCDRAM4                                   A0C       1       1       0   .__absdata__LCDRAM4__
     _LCDRAM3                                   A0B       1       1       0   .__absdata__LCDRAM3__
     _LCDRAM2                                   A0A       1       1       0   .__absdata__LCDRAM2__
     _LCDRAM1                                   A09       1       1       0   .__absdata__LCDRAM1__
     _LCDRAM0                                   A08       1       1       0   .__absdata__LCDRAM0__
     _LCDFPENR4                                 A06       1       1       0   .__absdata__LCDFPENR4__
     _LCDFPENR3                                 A05       1       1       0   .__absdata__LCDFPENR3__
     _LCDFPENR2                                 A04       1       1       0   .__absdata__LCDFPENR2__
     _LCDFPENR1                                 A03       1       1       0   .__absdata__LCDFPENR1__
     _LCDFPENR0                                 A02       1       1       0   .__absdata__LCDFPENR0__
     _LCDCR1                                    A01       1       1       0   .__absdata__LCDCR1__
     _LCDCR0                                    A00       1       1       0   .__absdata__LCDCR0__
     _LP0IF                                     987       1       1       0   .__absdata__LP0IF__
     _LP0IE                                     986       1       1       0   .__absdata__LP0IE__
     _LP0SR                                     985       1       1       0   .__absdata__LP0SR__
     _LP0SLRM                                   983       1       1       0   .__absdata__LP0SLRM__
     _LP0CR                                     981       1       1       0   .__absdata__LP0CR__
     _LP0DR                                     980       1       1       0   .__absdata__LP0DR__
     _CAN0TXTBPR                                83D       1       1       0   .__absdata__CAN0TXTBPR__
     _CAN0TXDLR                                 83C       1       1       0   .__absdata__CAN0TXDLR__
     _CAN0TXDSR7                                83B       1       1       0   .__absdata__CAN0TXDSR7__
     _CAN0TXDSR6                                83A       1       1       0   .__absdata__CAN0TXDSR6__
     _CAN0TXDSR5                                839       1       1       0   .__absdata__CAN0TXDSR5__
     _CAN0TXDSR4                                838       1       1       0   .__absdata__CAN0TXDSR4__
     _CAN0TXDSR3                                837       1       1       0   .__absdata__CAN0TXDSR3__
     _CAN0TXDSR2                                836       1       1       0   .__absdata__CAN0TXDSR2__
     _CAN0TXDSR1                                835       1       1       0   .__absdata__CAN0TXDSR1__
     _CAN0TXDSR0                                834       1       1       0   .__absdata__CAN0TXDSR0__
     _CAN0TXIDR3                                833       1       1       0   .__absdata__CAN0TXIDR3__
     _CAN0TXIDR2                                832       1       1       0   .__absdata__CAN0TXIDR2__
     _CAN0TXIDR1                                831       1       1       0   .__absdata__CAN0TXIDR1__
     _CAN0TXIDR0                                830       1       1       0   .__absdata__CAN0TXIDR0__
     _CAN0RXDLR                                 82C       1       1       0   .__absdata__CAN0RXDLR__
     _CAN0RXDSR7                                82B       1       1       0   .__absdata__CAN0RXDSR7__
     _CAN0RXDSR6                                82A       1       1       0   .__absdata__CAN0RXDSR6__
     _CAN0RXDSR5                                829       1       1       0   .__absdata__CAN0RXDSR5__
     _CAN0RXDSR4                                828       1       1       0   .__absdata__CAN0RXDSR4__
     _CAN0RXDSR3                                827       1       1       0   .__absdata__CAN0RXDSR3__
     _CAN0RXDSR2                                826       1       1       0   .__absdata__CAN0RXDSR2__
     _CAN0RXDSR1                                825       1       1       0   .__absdata__CAN0RXDSR1__
     _CAN0RXDSR0                                824       1       1       0   .__absdata__CAN0RXDSR0__
     _CAN0RXIDR3                                823       1       1       0   .__absdata__CAN0RXIDR3__
     _CAN0RXIDR2                                822       1       1       0   .__absdata__CAN0RXIDR2__
     _CAN0RXIDR1                                821       1       1       0   .__absdata__CAN0RXIDR1__
     _CAN0RXIDR0                                820       1       1       0   .__absdata__CAN0RXIDR0__
     _CAN0IDMR7                                 81F       1       1       0   .__absdata__CAN0IDMR7__
     _CAN0IDMR6                                 81E       1       1       0   .__absdata__CAN0IDMR6__
     _CAN0IDMR5                                 81D       1       1       0   .__absdata__CAN0IDMR5__
     _CAN0IDMR4                                 81C       1       1       0   .__absdata__CAN0IDMR4__
     _CAN0IDAR7                                 81B       1       1       0   .__absdata__CAN0IDAR7__
     _CAN0IDAR6                                 81A       1       1       0   .__absdata__CAN0IDAR6__
     _CAN0IDAR5                                 819       1       1       0   .__absdata__CAN0IDAR5__
     _CAN0IDAR4                                 818       1       1       0   .__absdata__CAN0IDAR4__
     _CAN0IDMR3                                 817       1       1       0   .__absdata__CAN0IDMR3__
     _CAN0IDMR2                                 816       1       1       0   .__absdata__CAN0IDMR2__
     _CAN0IDMR1                                 815       1       1       0   .__absdata__CAN0IDMR1__
     _CAN0IDMR0                                 814       1       1       0   .__absdata__CAN0IDMR0__
     _CAN0IDAR3                                 813       1       1       0   .__absdata__CAN0IDAR3__
     _CAN0IDAR2                                 812       1       1       0   .__absdata__CAN0IDAR2__
     _CAN0IDAR1                                 811       1       1       0   .__absdata__CAN0IDAR1__
     _CAN0IDAR0                                 810       1       1       0   .__absdata__CAN0IDAR0__
     _CAN0TXERR                                 80F       1       1       0   .__absdata__CAN0TXERR__
     _CAN0RXERR                                 80E       1       1       0   .__absdata__CAN0RXERR__
     _CAN0MISC                                  80D       1       1       0   .__absdata__CAN0MISC__
     _CAN0IDAC                                  80B       1       1       0   .__absdata__CAN0IDAC__
     _CAN0TBSEL                                 80A       1       1       0   .__absdata__CAN0TBSEL__
     _CAN0TAAK                                  809       1       1       0   .__absdata__CAN0TAAK__
     _CAN0TARQ                                  808       1       1       0   .__absdata__CAN0TARQ__
     _CAN0TIER                                  807       1       1       0   .__absdata__CAN0TIER__
     _CAN0TFLG                                  806       1       1       0   .__absdata__CAN0TFLG__
     _CAN0RIER                                  805       1       1       0   .__absdata__CAN0RIER__
     _CAN0RFLG                                  804       1       1       0   .__absdata__CAN0RFLG__
     _CAN0BTR1                                  803       1       1       0   .__absdata__CAN0BTR1__
     _CAN0BTR0                                  802       1       1       0   .__absdata__CAN0BTR0__
     _CAN0CTL1                                  801       1       1       0   .__absdata__CAN0CTL1__
     _CAN0CTL0                                  800       1       1       0   .__absdata__CAN0CTL0__
     _IIC0IBCR2                                 7C5       1       1       0   .__absdata__IIC0IBCR2__
     _IIC0IBDR                                  7C4       1       1       0   .__absdata__IIC0IBDR__
     _IIC0IBSR                                  7C3       1       1       0   .__absdata__IIC0IBSR__
     _IIC0IBCR                                  7C2       1       1       0   .__absdata__IIC0IBCR__
     _IIC0IBFD                                  7C1       1       1       0   .__absdata__IIC0IBFD__
     _IIC0IBAD                                  7C0       1       1       0   .__absdata__IIC0IBAD__
     _SPI0SR                                    783       1       1       0   .__absdata__SPI0SR__
     _SPI0BR                                    782       1       1       0   .__absdata__SPI0BR__
     _SPI0CR2                                   781       1       1       0   .__absdata__SPI0CR2__
     _SPI0CR1                                   780       1       1       0   .__absdata__SPI0CR1__
     _SCI1DRL                                   717       1       1       0   .__absdata__SCI1DRL__
     _SCI1DRH                                   716       1       1       0   .__absdata__SCI1DRH__
     _SCI1SR2                                   715       1       1       0   .__absdata__SCI1SR2__
     _SCI1SR1                                   714       1       1       0   .__absdata__SCI1SR1__
     _SCI1CR2                                   713       1       1       0   .__absdata__SCI1CR2__
     _SCI1ACR2                                  712       1       1       0   .__absdata__SCI1ACR2__
     _SCI0DRL                                   707       1       1       0   .__absdata__SCI0DRL__
     _SCI0DRH                                   706       1       1       0   .__absdata__SCI0DRH__
     _SCI0SR2                                   705       1       1       0   .__absdata__SCI0SR2__
     _SCI0SR1                                   704       1       1       0   .__absdata__SCI0SR1__
     _SCI0CR2                                   703       1       1       0   .__absdata__SCI0CR2__
     _SCI0ACR2                                  702       1       1       0   .__absdata__SCI0ACR2__
     _BATIF                                     6F3       1       1       0   .__absdata__BATIF__
     _BATIE                                     6F2       1       1       0   .__absdata__BATIE__
     _BATSR                                     6F1       1       1       0   .__absdata__BATSR__
     _BATE                                      6F0       1       1       0   .__absdata__BATE__
     _CPMUOSC2                                  6DE       1       1       0   .__absdata__CPMUOSC2__
     _CPMUVREGCTL                               6DD       1       1       0   .__absdata__CPMUVREGCTL__
     _CPMUPROT                                  6DB       1       1       0   .__absdata__CPMUPROT__
     _CPMUOSC                                   6DA       1       1       0   .__absdata__CPMUOSC__
     _CPMUHTTR                                  6D7       1       1       0   .__absdata__CPMUHTTR__
     _CPMUACLKTR                                6D3       1       1       0   .__absdata__CPMUACLKTR__
     _CPMUAPICTL                                6D2       1       1       0   .__absdata__CPMUAPICTL__
     _CPMULVCTL                                 6D1       1       1       0   .__absdata__CPMULVCTL__
     _CPMUHTCTL                                 6D0       1       1       0   .__absdata__CPMUHTCTL__
     _CPMUARMCOP                                6CF       1       1       0   .__absdata__CPMUARMCOP__
     _CPMUCOP                                   6CC       1       1       0   .__absdata__CPMUCOP__
     _CPMURTI                                   6CB       1       1       0   .__absdata__CPMURTI__
     _CPMUPLL                                   6CA       1       1       0   .__absdata__CPMUPLL__
     _CPMUCLKS                                  6C9       1       1       0   .__absdata__CPMUCLKS__
     _CPMUINT                                   6C8       1       1       0   .__absdata__CPMUINT__
     _CPMUIFLG                                  6C7       1       1       0   .__absdata__CPMUIFLG__
     _CPMUPOSTDIV                               6C6       1       1       0   .__absdata__CPMUPOSTDIV__
     _CPMUREFDIV                                6C5       1       1       0   .__absdata__CPMUREFDIV__
     _CPMUSYNR                                  6C4       1       1       0   .__absdata__CPMUSYNR__
     _CPMURFLG                                  6C3       1       1       0   .__absdata__CPMURFLG__
     _ADC0CROFF1                                625       1       1       0   .__absdata__ADC0CROFF1__
     _ADC0CROFF0                                624       1       1       0   .__absdata__ADC0CROFF0__
     _ADC0RBP_2                                 623       1       1       0   .__absdata__ADC0RBP_2__
     _ADC0RBP_1                                 622       1       1       0   .__absdata__ADC0RBP_1__
     _ADC0RBP_0                                 621       1       1       0   .__absdata__ADC0RBP_0__
     _ADC0RIDX                                  620       1       1       0   .__absdata__ADC0RIDX__
     _ADC0CBP_2                                 61F       1       1       0   .__absdata__ADC0CBP_2__
     _ADC0CBP_1                                 61E       1       1       0   .__absdata__ADC0CBP_1__
     _ADC0CBP_0                                 61D       1       1       0   .__absdata__ADC0CBP_0__
     _ADC0CIDX                                  61C       1       1       0   .__absdata__ADC0CIDX__
     _ADC0EOLRI                                 610       1       1       0   .__absdata__ADC0EOLRI__
     _ADC0IF                                    609       1       1       0   .__absdata__ADC0IF__
     _ADC0EIF                                   608       1       1       0   .__absdata__ADC0EIF__
     _ADC0IE                                    607       1       1       0   .__absdata__ADC0IE__
     _ADC0EIE                                   606       1       1       0   .__absdata__ADC0EIE__
     _ADC0FLWCTL                                605       1       1       0   .__absdata__ADC0FLWCTL__
     _ADC0FMT                                   604       1       1       0   .__absdata__ADC0FMT__
     _ADC0TIM                                   603       1       1       0   .__absdata__ADC0TIM__
     _ADC0STS                                   602       1       1       0   .__absdata__ADC0STS__
     _TIM0PTPSR                                 5EE       1       1       0   .__absdata__TIM0PTPSR__
     _TIM0OCPD                                  5EC       1       1       0   .__absdata__TIM0OCPD__
     _TIM0PAFLG                                 5E1       1       1       0   .__absdata__TIM0PAFLG__
     _TIM0PACTL                                 5E0       1       1       0   .__absdata__TIM0PACTL__
     _TIM0TFLG2                                 5CF       1       1       0   .__absdata__TIM0TFLG2__
     _TIM0TFLG1                                 5CE       1       1       0   .__absdata__TIM0TFLG1__
     _TIM0TSCR2                                 5CD       1       1       0   .__absdata__TIM0TSCR2__
     _TIM0TIE                                   5CC       1       1       0   .__absdata__TIM0TIE__
     _TIM0TCTL4                                 5CB       1       1       0   .__absdata__TIM0TCTL4__
     _TIM0TCTL3                                 5CA       1       1       0   .__absdata__TIM0TCTL3__
     _TIM0TCTL2                                 5C9       1       1       0   .__absdata__TIM0TCTL2__
     _TIM0TCTL1                                 5C8       1       1       0   .__absdata__TIM0TCTL1__
     _TIM0TTOV                                  5C7       1       1       0   .__absdata__TIM0TTOV__
     _TIM0TSCR1                                 5C6       1       1       0   .__absdata__TIM0TSCR1__
     _TIM0OC7D                                  5C3       1       1       0   .__absdata__TIM0OC7D__
     _TIM0OC7M                                  5C2       1       1       0   .__absdata__TIM0OC7M__
     _TIM0CFORC                                 5C1       1       1       0   .__absdata__TIM0CFORC__
     _TIM0TIOS                                  5C0       1       1       0   .__absdata__TIM0TIOS__
     _PWMSCLB                                   489       1       1       0   .__absdata__PWMSCLB__
     _PWMSCLA                                   488       1       1       0   .__absdata__PWMSCLA__
     _PWMCLKAB                                  486       1       1       0   .__absdata__PWMCLKAB__
     _PWMCTL                                    485       1       1       0   .__absdata__PWMCTL__
     _PWMCAE                                    484       1       1       0   .__absdata__PWMCAE__
     _PWMPRCLK                                  483       1       1       0   .__absdata__PWMPRCLK__
     _PWMCLK                                    482       1       1       0   .__absdata__PWMCLK__
     _PWMPOL                                    481       1       1       0   .__absdata__PWMPOL__
     _PWME                                      480       1       1       0   .__absdata__PWME__
     _TIM1PTPSR                                 42E       1       1       0   .__absdata__TIM1PTPSR__
     _TIM1OCPD                                  42C       1       1       0   .__absdata__TIM1OCPD__
     _TIM1PAFLG                                 421       1       1       0   .__absdata__TIM1PAFLG__
     _TIM1PACTL                                 420       1       1       0   .__absdata__TIM1PACTL__
     _TIM1TFLG2                                 40F       1       1       0   .__absdata__TIM1TFLG2__
     _TIM1TFLG1                                 40E       1       1       0   .__absdata__TIM1TFLG1__
     _TIM1TSCR2                                 40D       1       1       0   .__absdata__TIM1TSCR2__
     _TIM1TIE                                   40C       1       1       0   .__absdata__TIM1TIE__
     _TIM1TCTL4                                 40B       1       1       0   .__absdata__TIM1TCTL4__
     _TIM1TCTL3                                 40A       1       1       0   .__absdata__TIM1TCTL3__
     _TIM1TCTL2                                 409       1       1       0   .__absdata__TIM1TCTL2__
     _TIM1TCTL1                                 408       1       1       0   .__absdata__TIM1TCTL1__
     _TIM1TTOV                                  407       1       1       0   .__absdata__TIM1TTOV__
     _TIM1TSCR1                                 406       1       1       0   .__absdata__TIM1TSCR1__
     _TIM1OC7D                                  403       1       1       0   .__absdata__TIM1OC7D__
     _TIM1OC7M                                  402       1       1       0   .__absdata__TIM1OC7M__
     _TIM1CFORC                                 401       1       1       0   .__absdata__TIM1CFORC__
     _TIM1TIOS                                  400       1       1       0   .__absdata__TIM1TIOS__
     _ECCDCMD                                   3CF       1       1       0   .__absdata__ECCDCMD__
     _ECCDE                                     3CE       1       1       0   .__absdata__ECCDE__
     _ECCDPTRL                                  3C9       1       1       0   .__absdata__ECCDPTRL__
     _ECCDPTRM                                  3C8       1       1       0   .__absdata__ECCDPTRM__
     _ECCDPTRH                                  3C7       1       1       0   .__absdata__ECCDPTRH__
     _ECCIF                                     3C2       1       1       0   .__absdata__ECCIF__
     _ECCIE                                     3C1       1       1       0   .__absdata__ECCIE__
     _ECCSTAT                                   3C0       1       1       0   .__absdata__ECCSTAT__
     _FOPT                                      38A       1       1       0   .__absdata__FOPT__
     _DFPROT                                    389       1       1       0   .__absdata__DFPROT__
     _FPROT                                     388       1       1       0   .__absdata__FPROT__
     _FERSTAT                                   387       1       1       0   .__absdata__FERSTAT__
     _FSTAT                                     386       1       1       0   .__absdata__FSTAT__
     _FERCNFG                                   385       1       1       0   .__absdata__FERCNFG__
     _FCNFG                                     384       1       1       0   .__absdata__FCNFG__
     _FPSTAT                                    383       1       1       0   .__absdata__FPSTAT__
     _FCCOBIX                                   382       1       1       0   .__absdata__FCCOBIX__
     _FSEC                                      381       1       1       0   .__absdata__FSEC__
     _FCLKDIV                                   380       1       1       0   .__absdata__FCLKDIV__
     _SRRU                                      35E       1       1       0   .__absdata__SRRU__
     _PPSU                                      354       1       1       0   .__absdata__PPSU__
     _PERU                                      353       1       1       0   .__absdata__PERU__
     _DDRU                                      352       1       1       0   .__absdata__DDRU__
     _PTIU                                      351       1       1       0   .__absdata__PTIU__
     _PTU                                       350       1       1       0   .__absdata__PTU__
     _PPSG                                      324       1       1       0   .__absdata__PPSG__
     _PERG                                      323       1       1       0   .__absdata__PERG__
     _DDRG                                      322       1       1       0   .__absdata__DDRG__
     _PTIG                                      321       1       1       0   .__absdata__PTIG__
     _PTG                                       320       1       1       0   .__absdata__PTG__
     _PPSJ                                      314       1       1       0   .__absdata__PPSJ__
     _PERJ                                      313       1       1       0   .__absdata__PERJ__
     _DDRJ                                      312       1       1       0   .__absdata__DDRJ__
     _PTIJ                                      311       1       1       0   .__absdata__PTIJ__
     _PTJ                                       310       1       1       0   .__absdata__PTJ__
     _PPSH                                      304       1       1       0   .__absdata__PPSH__
     _PERH                                      303       1       1       0   .__absdata__PERH__
     _DDRH                                      302       1       1       0   .__absdata__DDRH__
     _PTIH                                      301       1       1       0   .__absdata__PTIH__
     _PTH                                       300       1       1       0   .__absdata__PTH__
     _PPSP                                      2F4       1       1       0   .__absdata__PPSP__
     _PERP                                      2F3       1       1       0   .__absdata__PERP__
     _DDRP                                      2F2       1       1       0   .__absdata__DDRP__
     _PTIP                                      2F1       1       1       0   .__absdata__PTIP__
     _PTP                                       2F0       1       1       0   .__absdata__PTP__
     _WOMS                                      2DF       1       1       0   .__absdata__WOMS__
     _PIFS                                      2D7       1       1       0   .__absdata__PIFS__
     _PIES                                      2D6       1       1       0   .__absdata__PIES__
     _PPSS                                      2D4       1       1       0   .__absdata__PPSS__
     _PERS                                      2D3       1       1       0   .__absdata__PERS__
     _DDRS                                      2D2       1       1       0   .__absdata__DDRS__
     _PTIS                                      2D1       1       1       0   .__absdata__PTIS__
     _PTS                                       2D0       1       1       0   .__absdata__PTS__
     _PIFT                                      2C7       1       1       0   .__absdata__PIFT__
     _PIET                                      2C6       1       1       0   .__absdata__PIET__
     _PPST                                      2C4       1       1       0   .__absdata__PPST__
     _PERT                                      2C3       1       1       0   .__absdata__PERT__
     _DDRT                                      2C2       1       1       0   .__absdata__DDRT__
     _PTIT                                      2C1       1       1       0   .__absdata__PTIT__
     _PTT                                       2C0       1       1       0   .__absdata__PTT__
     _DIENADL                                   299       1       1       0   .__absdata__DIENADL__
     _PIFADL                                    28F       1       1       0   .__absdata__PIFADL__
     _PIEADL                                    28D       1       1       0   .__absdata__PIEADL__
     _PPSADL                                    289       1       1       0   .__absdata__PPSADL__
     _PERADL                                    287       1       1       0   .__absdata__PERADL__
     _DDRADL                                    285       1       1       0   .__absdata__DDRADL__
     _PTIADL                                    283       1       1       0   .__absdata__PTIADL__
[...]
  .dwarf_pubnames._SPI0BR .dwarf_pubnames._SPI0CR2 .dwarf_pubnames._SPI0CR1 
  .dwarf_pubnames._SCI1DRL .dwarf_pubnames._SCI1DRH .dwarf_pubnames._SCI1SR2 
  .dwarf_pubnames._SCI1SR1 .dwarf_pubnames._SCI1CR2 .dwarf_pubnames._SCI1ACR2 
  .dwarf_pubnames._SCI0DRL .dwarf_pubnames._SCI0DRH .dwarf_pubnames._SCI0SR2 
  .dwarf_pubnames._SCI0SR1 .dwarf_pubnames._SCI0CR2 .dwarf_pubnames._SCI0ACR2 
  .dwarf_pubnames._BATIF .dwarf_pubnames._BATIE .dwarf_pubnames._BATSR 
  .dwarf_pubnames._BATE .dwarf_pubnames._CPMUOSC2 .dwarf_pubnames._CPMUVREGCTL 
  .dwarf_pubnames._CPMUPROT .dwarf_pubnames._CPMUOSC .dwarf_pubnames._CPMUHTTR 
  .dwarf_pubnames._CPMUACLKTR .dwarf_pubnames._CPMUAPICTL 
  .dwarf_pubnames._CPMULVCTL .dwarf_pubnames._CPMUHTCTL 
  .dwarf_pubnames._CPMUARMCOP .dwarf_pubnames._CPMUCOP .dwarf_pubnames._CPMURTI 
  .dwarf_pubnames._CPMUPLL .dwarf_pubnames._CPMUCLKS .dwarf_pubnames._CPMUINT 
  .dwarf_pubnames._CPMUIFLG .dwarf_pubnames._CPMUPOSTDIV 
  .dwarf_pubnames._CPMUREFDIV .dwarf_pubnames._CPMUSYNR 
  .dwarf_pubnames._CPMURFLG .dwarf_pubnames._ADC0CROFF1 
  .dwarf_pubnames._ADC0CROFF0 .dwarf_pubnames._ADC0RBP_2 
  .dwarf_pubnames._ADC0RBP_1 .dwarf_pubnames._ADC0RBP_0 
  .dwarf_pubnames._ADC0RIDX .dwarf_pubnames._ADC0CBP_2 
  .dwarf_pubnames._ADC0CBP_1 .dwarf_pubnames._ADC0CBP_0 
  .dwarf_pubnames._ADC0CIDX .dwarf_pubnames._ADC0EOLRI .dwarf_pubnames._ADC0IF 
  .dwarf_pubnames._ADC0EIF .dwarf_pubnames._ADC0IE .dwarf_pubnames._ADC0EIE 
  .dwarf_pubnames._ADC0FLWCTL .dwarf_pubnames._ADC0FMT .dwarf_pubnames._ADC0TIM 
  .dwarf_pubnames._ADC0STS .dwarf_pubnames._TIM0PTPSR .dwarf_pubnames._TIM0OCPD 
  .dwarf_pubnames._TIM0PAFLG .dwarf_pubnames._TIM0PACTL 
  .dwarf_pubnames._TIM0TFLG2 .dwarf_pubnames._TIM0TFLG1 
  .dwarf_pubnames._TIM0TSCR2 .dwarf_pubnames._TIM0TIE 
  .dwarf_pubnames._TIM0TCTL4 .dwarf_pubnames._TIM0TCTL3 
  .dwarf_pubnames._TIM0TCTL2 .dwarf_pubnames._TIM0TCTL1 
  .dwarf_pubnames._TIM0TTOV .dwarf_pubnames._TIM0TSCR1 
  .dwarf_pubnames._TIM0OC7D .dwarf_pubnames._TIM0OC7M 
  .dwarf_pubnames._TIM0CFORC .dwarf_pubnames._TIM0TIOS .dwarf_pubnames._PWMSCLB 
  .dwarf_pubnames._PWMSCLA .dwarf_pubnames._PWMCLKAB .dwarf_pubnames._PWMCTL 
  .dwarf_pubnames._PWMCAE .dwarf_pubnames._PWMPRCLK .dwarf_pubnames._PWMCLK 
  .dwarf_pubnames._PWMPOL .dwarf_pubnames._PWME .dwarf_pubnames._TIM1PTPSR 
  .dwarf_pubnames._TIM1OCPD .dwarf_pubnames._TIM1PAFLG 
  .dwarf_pubnames._TIM1PACTL .dwarf_pubnames._TIM1TFLG2 
  .dwarf_pubnames._TIM1TFLG1 .dwarf_pubnames._TIM1TSCR2 
  .dwarf_pubnames._TIM1TIE .dwarf_pubnames._TIM1TCTL4 
  .dwarf_pubnames._TIM1TCTL3 .dwarf_pubnames._TIM1TCTL2 
  .dwarf_pubnames._TIM1TCTL1 .dwarf_pubnames._TIM1TTOV 
  .dwarf_pubnames._TIM1TSCR1 .dwarf_pubnames._TIM1OC7D 
  .dwarf_pubnames._TIM1OC7M .dwarf_pubnames._TIM1CFORC 
  .dwarf_pubnames._TIM1TIOS .dwarf_pubnames._ECCDCMD .dwarf_pubnames._ECCDE 
  .dwarf_pubnames._ECCDPTRL .dwarf_pubnames._ECCDPTRM .dwarf_pubnames._ECCDPTRH 
  .dwarf_pubnames._ECCIF .dwarf_pubnames._ECCIE .dwarf_pubnames._ECCSTAT 
  .dwarf_pubnames._FOPT .dwarf_pubnames._DFPROT .dwarf_pubnames._FPROT 
  .dwarf_pubnames._FERSTAT .dwarf_pubnames._FSTAT .dwarf_pubnames._FERCNFG 
  .dwarf_pubnames._FCNFG .dwarf_pubnames._FPSTAT .dwarf_pubnames._FCCOBIX 
  .dwarf_pubnames._FSEC .dwarf_pubnames._FCLKDIV .dwarf_pubnames._SRRU 
  .dwarf_pubnames._PPSU .dwarf_pubnames._PERU .dwarf_pubnames._DDRU 
  .dwarf_pubnames._PTIU .dwarf_pubnames._PTU .dwarf_pubnames._PPSG 
  .dwarf_pubnames._PERG .dwarf_pubnames._DDRG .dwarf_pubnames._PTIG 
  .dwarf_pubnames._PTG .dwarf_pubnames._PPSJ .dwarf_pubnames._PERJ 
  .dwarf_pubnames._DDRJ .dwarf_pubnames._PTIJ .dwarf_pubnames._PTJ 
  .dwarf_pubnames._PPSH .dwarf_pubnames._PERH .dwarf_pubnames._DDRH 
  .dwarf_pubnames._PTIH .dwarf_pubnames._PTH .dwarf_pubnames._PPSP 
  .dwarf_pubnames._PERP .dwarf_pubnames._DDRP .dwarf_pubnames._PTIP 
  .dwarf_pubnames._PTP .dwarf_pubnames._WOMS .dwarf_pubnames._PIFS 
  .dwarf_pubnames._PIES .dwarf_pubnames._PPSS .dwarf_pubnames._PERS 
  .dwarf_pubnames._DDRS .dwarf_pubnames._PTIS .dwarf_pubnames._PTS 
  .dwarf_pubnames._PIFT .dwarf_pubnames._PIET .dwarf_pubnames._PPST 
  .dwarf_pubnames._PERT .dwarf_pubnames._DDRT .dwarf_pubnames._PTIT 
  .dwarf_pubnames._PTT .dwarf_pubnames._DIENADL .dwarf_pubnames._PIFADL 
  .dwarf_pubnames._PIEADL .dwarf_pubnames._PPSADL .dwarf_pubnames._PERADL 
  .dwarf_pubnames._DDRADL .dwarf_pubnames._PTIADL .dwarf_pubnames._PTADL 
  .dwarf_pubnames._WOMA .dwarf_pubnames._PIMMISC .dwarf_pubnames._IRQCR 
  .dwarf_pubnames._ECLKCTL .dwarf_pubnames._MODRR3 .dwarf_pubnames._MODRR2 
  .dwarf_pubnames._MODRR1 .dwarf_pubnames._MODRR0 .dwarf_pubnames._DBGDAL 
  .dwarf_pubnames._DBGDAM .dwarf_pubnames._DBGDAH .dwarf_pubnames._DBGDCTL 
  .dwarf_pubnames._DBGCDM3 .dwarf_pubnames._DBGCDM2 .dwarf_pubnames._DBGCDM1 
  .dwarf_pubnames._DBGCDM0 .dwarf_pubnames._DBGCD3 .dwarf_pubnames._DBGCD2 
  .dwarf_pubnames._DBGCD1 .dwarf_pubnames._DBGCD0 .dwarf_pubnames._DBGCAL 
  .dwarf_pubnames._DBGCAM .dwarf_pubnames._DBGCAH .dwarf_pubnames._DBGCCTL 
  .dwarf_pubnames._DBGBAL .dwarf_pubnames._DBGBAM .dwarf_pubnames._DBGBAH 
  .dwarf_pubnames._DBGBCTL .dwarf_pubnames._DBGADM3 .dwarf_pubnames._DBGADM2 
  .dwarf_pubnames._DBGADM1 .dwarf_pubnames._DBGADM0 .dwarf_pubnames._DBGAD3 
  .dwarf_pubnames._DBGAD2 .dwarf_pubnames._DBGAD1 .dwarf_pubnames._DBGAD0 
  .dwarf_pubnames._DBGAAL .dwarf_pubnames._DBGAAM .dwarf_pubnames._DBGAAH 
  .dwarf_pubnames._DBGACTL .dwarf_pubnames._DBGSR .dwarf_pubnames._DBGEFR 
  .dwarf_pubnames._DBGSCR3 .dwarf_pubnames._DBGSCR2 .dwarf_pubnames._DBGSCR1 
  .dwarf_pubnames._DBGCNT .dwarf_pubnames._DBGTCRL .dwarf_pubnames._DBGTCRH 
  .dwarf_pubnames._DBGC2 .dwarf_pubnames._DBGC1 .dwarf_pubnames._MMCPCL 
  .dwarf_pubnames._MMCPCM .dwarf_pubnames._MMCPCH .dwarf_pubnames._MODE 
  .dwarf_pubnames._INT_CFDATA7 .dwarf_pubnames._INT_CFDATA6 
  .dwarf_pubnames._INT_CFDATA5 .dwarf_pubnames._INT_CFDATA4 
  .dwarf_pubnames._INT_CFDATA3 .dwarf_pubnames._INT_CFDATA2 
  .dwarf_pubnames._INT_CFDATA1 .dwarf_pubnames._INT_CFDATA0 
  .dwarf_pubnames._INT_CFADDR .dwarf_aranges.ADC0RBP .dwarf_aranges.ADC0CBP 
  .dwarf_aranges.ECCDPTR .dwarf_aranges.DBGDA .dwarf_aranges.DBGCA 
  .dwarf_aranges.DBGBA .dwarf_aranges.DBGAA .dwarf_aranges.MMCPC 
  .dwarf_aranges._ADC0CMD .dwarf_aranges._PARTID .dwarf_aranges._SSG0AMPB 
  .dwarf_aranges._SSG0AT .dwarf_aranges._SSG0AA .dwarf_aranges._SSG0AMP 
  .dwarf_aranges._SSG0TONE .dwarf_aranges._SSG0PS .dwarf_aranges._RTCCNT 
  .dwarf_aranges._RTCMOD .dwarf_aranges._ITG1ACC .dwarf_aranges._MDC1CNT 
  .dwarf_aranges._ITG0ACC .dwarf_aranges._MDC0CNT .dwarf_aranges._MCDC3 
  .dwarf_aranges._MCDC2 .dwarf_aranges._MCDC1 .dwarf_aranges._MCDC0 
  .dwarf_aranges._MCPER .dwarf_aranges._CAN0TXTSR .dwarf_aranges._CAN0RXTSR 
  .dwarf_aranges._SPI0DR .dwarf_aranges._SCI1BD .dwarf_aranges._SCI0BD 
  .dwarf_aranges._CPMUIRCTRIM .dwarf_aranges._CPMUAPIR 
  .dwarf_aranges._ADC0IMDRI .dwarf_aranges._ADC0CONIF .dwarf_aranges._ADC0CONIE 
  .dwarf_aranges._ADC0CTL .dwarf_aranges._TIM0PACNT .dwarf_aranges._TIM0TC7 
  .dwarf_aranges._TIM0TC6 .dwarf_aranges._TIM0TC5 .dwarf_aranges._TIM0TC4 
  .dwarf_aranges._TIM0TC3 .dwarf_aranges._TIM0TC2 .dwarf_aranges._TIM0TC1 
  .dwarf_aranges._TIM0TC0 .dwarf_aranges._TIM0TCNT .dwarf_aranges._PWMDTY67 
  .dwarf_aranges._PWMDTY45 .dwarf_aranges._PWMDTY23 .dwarf_aranges._PWMDTY01 
  .dwarf_aranges._PWMPER67 .dwarf_aranges._PWMPER45 .dwarf_aranges._PWMPER23 
  .dwarf_aranges._PWMPER01 .dwarf_aranges._PWMCNT67 .dwarf_aranges._PWMCNT45 
  .dwarf_aranges._PWMCNT23 .dwarf_aranges._PWMCNT01 .dwarf_aranges._TIM1PACNT 
  .dwarf_aranges._TIM1TC7 .dwarf_aranges._TIM1TC6 .dwarf_aranges._TIM1TC5 
  .dwarf_aranges._TIM1TC4 .dwarf_aranges._TIM1TC3 .dwarf_aranges._TIM1TC2 
  .dwarf_aranges._TIM1TC1 .dwarf_aranges._TIM1TC0 .dwarf_aranges._TIM1TCNT 
  .dwarf_aranges._ECCDD .dwarf_aranges._FCCOB5 .dwarf_aranges._FCCOB4 
  .dwarf_aranges._FCCOB3 .dwarf_aranges._FCCOB2 .dwarf_aranges._FCCOB1 
  .dwarf_aranges._FCCOB0 .dwarf_aranges._PPSEF .dwarf_aranges._PEREF 
  .dwarf_aranges._DDREF .dwarf_aranges._PTIEF .dwarf_aranges._PTEF 
  .dwarf_aranges._PPSCD .dwarf_aranges._PERCD .dwarf_aranges._DDRCD 
  .dwarf_aranges._PTICD .dwarf_aranges._PTCD .dwarf_aranges._PPSAB 
  .dwarf_aranges._PERAB .dwarf_aranges._DDRAB .dwarf_aranges._PTIAB 
  .dwarf_aranges._PTAB .dwarf_aranges._DBGTB .dwarf_aranges._MMCCCR 
  .dwarf_aranges._MMCEC .dwarf_aranges._IVBR .dwarf_aranges._SSG0DCNT 
  .dwarf_aranges._SSG0IF .dwarf_aranges._SSG0IE .dwarf_aranges._SSG0DUR 
  .dwarf_aranges._SSG0ADC .dwarf_aranges._SSG0CR .dwarf_aranges._RTCHRR 
  .dwarf_aranges._RTCMINR .dwarf_aranges._RTCSECR .dwarf_aranges._RTCCCR 
  .dwarf_aranges._RTCS1 .dwarf_aranges._RTCCTL4 .dwarf_aranges._RTCCTL3 
  .dwarf_aranges._RTCCTL2 .dwarf_aranges._RTCCTL1 .dwarf_aranges._SSD1FLG 
  .dwarf_aranges._SSD1CTL .dwarf_aranges._MDC1CTL .dwarf_aranges._RTZ1CTL 
  .dwarf_aranges._SSD0FLG .dwarf_aranges._SSD0CTL .dwarf_aranges._MDC0CTL 
  .dwarf_aranges._RTZ0CTL .dwarf_aranges._MCCC3 .dwarf_aranges._MCCC2 
  .dwarf_aranges._MCCC1 .dwarf_aranges._MCCC0 .dwarf_aranges._MCCTL1 
  .dwarf_aranges._MCCTL0 .dwarf_aranges._LCDRAM19 .dwarf_aranges._LCDRAM18 
  .dwarf_aranges._LCDRAM17 .dwarf_aranges._LCDRAM16 .dwarf_aranges._LCDRAM15 
  .dwarf_aranges._LCDRAM14 .dwarf_aranges._LCDRAM13 .dwarf_aranges._LCDRAM12 
  .dwarf_aranges._LCDRAM11 .dwarf_aranges._LCDRAM10 .dwarf_aranges._LCDRAM9 
  .dwarf_aranges._LCDRAM8 .dwarf_aranges._LCDRAM7 .dwarf_aranges._LCDRAM6 
  .dwarf_aranges._LCDRAM5 .dwarf_aranges._LCDRAM4 .dwarf_aranges._LCDRAM3 
  .dwarf_aranges._LCDRAM2 .dwarf_aranges._LCDRAM1 .dwarf_aranges._LCDRAM0 
  .dwarf_aranges._LCDFPENR4 .dwarf_aranges._LCDFPENR3 .dwarf_aranges._LCDFPENR2 
  .dwarf_aranges._LCDFPENR1 .dwarf_aranges._LCDFPENR0 .dwarf_aranges._LCDCR1 
  .dwarf_aranges._LCDCR0 .dwarf_aranges._LP0IF .dwarf_aranges._LP0IE 
  .dwarf_aranges._LP0SR .dwarf_aranges._LP0SLRM .dwarf_aranges._LP0CR 
  .dwarf_aranges._LP0DR .dwarf_aranges._CAN0TXTBPR .dwarf_aranges._CAN0TXDLR 
  .dwarf_aranges._CAN0TXDSR7 .dwarf_aranges._CAN0TXDSR6 
  .dwarf_aranges._CAN0TXDSR5 .dwarf_aranges._CAN0TXDSR4 
  .dwarf_aranges._CAN0TXDSR3 .dwarf_aranges._CAN0TXDSR2 
  .dwarf_aranges._CAN0TXDSR1 .dwarf_aranges._CAN0TXDSR0 
  .dwarf_aranges._CAN0TXIDR3 .dwarf_aranges._CAN0TXIDR2 
  .dwarf_aranges._CAN0TXIDR1 .dwarf_aranges._CAN0TXIDR0 
  .dwarf_aranges._CAN0RXDLR .dwarf_aranges._CAN0RXDSR7 
  .dwarf_aranges._CAN0RXDSR6 .dwarf_aranges._CAN0RXDSR5 
  .dwarf_aranges._CAN0RXDSR4 .dwarf_aranges._CAN0RXDSR3 
  .dwarf_aranges._CAN0RXDSR2 .dwarf_aranges._CAN0RXDSR1 
  .dwarf_aranges._CAN0RXDSR0 .dwarf_aranges._CAN0RXIDR3 
  .dwarf_aranges._CAN0RXIDR2 .dwarf_aranges._CAN0RXIDR1 
  .dwarf_aranges._CAN0RXIDR0 .dwarf_aranges._CAN0IDMR7 
  .dwarf_aranges._CAN0IDMR6 .dwarf_aranges._CAN0IDMR5 .dwarf_aranges._CAN0IDMR4 
  .dwarf_aranges._CAN0IDAR7 .dwarf_aranges._CAN0IDAR6 .dwarf_aranges._CAN0IDAR5 
  .dwarf_aranges._CAN0IDAR4 .dwarf_aranges._CAN0IDMR3 .dwarf_aranges._CAN0IDMR2 
  .dwarf_aranges._CAN0IDMR1 .dwarf_aranges._CAN0IDMR0 .dwarf_aranges._CAN0IDAR3 
  .dwarf_aranges._CAN0IDAR2 .dwarf_aranges._CAN0IDAR1 .dwarf_aranges._CAN0IDAR0 
  .dwarf_aranges._CAN0TXERR .dwarf_aranges._CAN0RXERR .dwarf_aranges._CAN0MISC 
  .dwarf_aranges._CAN0IDAC .dwarf_aranges._CAN0TBSEL .dwarf_aranges._CAN0TAAK 
  .dwarf_aranges._CAN0TARQ .dwarf_aranges._CAN0TIER .dwarf_aranges._CAN0TFLG 
  .dwarf_aranges._CAN0RIER .dwarf_aranges._CAN0RFLG .dwarf_aranges._CAN0BTR1 
  .dwarf_aranges._CAN0BTR0 .dwarf_aranges._CAN0CTL1 .dwarf_aranges._CAN0CTL0 
  .dwarf_aranges._IIC0IBCR2 .dwarf_aranges._IIC0IBDR .dwarf_aranges._IIC0IBSR 
  .dwarf_aranges._IIC0IBCR .dwarf_aranges._IIC0IBFD .dwarf_aranges._IIC0IBAD 
  .dwarf_aranges._SPI0SR .dwarf_aranges._SPI0BR .dwarf_aranges._SPI0CR2 
  .dwarf_aranges._SPI0CR1 .dwarf_aranges._SCI1DRL .dwarf_aranges._SCI1DRH 
  .dwarf_aranges._SCI1SR2 .dwarf_aranges._SCI1SR1 .dwarf_aranges._SCI1CR2 
  .dwarf_aranges._SCI1ACR2 .dwarf_aranges._SCI0DRL .dwarf_aranges._SCI0DRH 
  .dwarf_aranges._SCI0SR2 .dwarf_aranges._SCI0SR1 .dwarf_aranges._SCI0CR2 
  .dwarf_aranges._SCI0ACR2 .dwarf_aranges._BATIF .dwarf_aranges._BATIE 
  .dwarf_aranges._BATSR .dwarf_aranges._BATE .dwarf_aranges._CPMUOSC2 
  .dwarf_aranges._CPMUVREGCTL .dwarf_aranges._CPMUPROT .dwarf_aranges._CPMUOSC 
  .dwarf_aranges._CPMUHTTR .dwarf_aranges._CPMUACLKTR 
  .dwarf_aranges._CPMUAPICTL .dwarf_aranges._CPMULVCTL 
  .dwarf_aranges._CPMUHTCTL .dwarf_aranges._CPMUARMCOP .dwarf_aranges._CPMUCOP 
  .dwarf_aranges._CPMURTI .dwarf_aranges._CPMUPLL .dwarf_aranges._CPMUCLKS 
  .dwarf_aranges._CPMUINT .dwarf_aranges._CPMUIFLG .dwarf_aranges._CPMUPOSTDIV 
  .dwarf_aranges._CPMUREFDIV .dwarf_aranges._CPMUSYNR .dwarf_aranges._CPMURFLG 
  .dwarf_aranges._ADC0CROFF1 .dwarf_aranges._ADC0CROFF0 
  .dwarf_aranges._ADC0RBP_2 .dwarf_aranges._ADC0RBP_1 .dwarf_aranges._ADC0RBP_0 
  .dwarf_aranges._ADC0RIDX .dwarf_aranges._ADC0CBP_2 .dwarf_aranges._ADC0CBP_1 
  .dwarf_aranges._ADC0CBP_0 .dwarf_aranges._ADC0CIDX .dwarf_aranges._ADC0EOLRI 
  .dwarf_aranges._ADC0IF .dwarf_aranges._ADC0EIF .dwarf_aranges._ADC0IE 
  .dwarf_aranges._ADC0EIE .dwarf_aranges._ADC0FLWCTL .dwarf_aranges._ADC0FMT 
  .dwarf_aranges._ADC0TIM .dwarf_aranges._ADC0STS .dwarf_aranges._TIM0PTPSR 
  .dwarf_aranges._TIM0OCPD .dwarf_aranges._TIM0PAFLG .dwarf_aranges._TIM0PACTL 
  .dwarf_aranges._TIM0TFLG2 .dwarf_aranges._TIM0TFLG1 .dwarf_aranges._TIM0TSCR2 
  .dwarf_aranges._TIM0TIE .dwarf_aranges._TIM0TCTL4 .dwarf_aranges._TIM0TCTL3 
  .dwarf_aranges._TIM0TCTL2 .dwarf_aranges._TIM0TCTL1 .dwarf_aranges._TIM0TTOV 
  .dwarf_aranges._TIM0TSCR1 .dwarf_aranges._TIM0OC7D .dwarf_aranges._TIM0OC7M 
  .dwarf_aranges._TIM0CFORC .dwarf_aranges._TIM0TIOS .dwarf_aranges._PWMSCLB 
  .dwarf_aranges._PWMSCLA .dwarf_aranges._PWMCLKAB .dwarf_aranges._PWMCTL 
  .dwarf_aranges._PWMCAE .dwarf_aranges._PWMPRCLK .dwarf_aranges._PWMCLK 
  .dwarf_aranges._PWMPOL .dwarf_aranges._PWME .dwarf_aranges._TIM1PTPSR 
  .dwarf_aranges._TIM1OCPD .dwarf_aranges._TIM1PAFLG .dwarf_aranges._TIM1PACTL 
  .dwarf_aranges._TIM1TFLG2 .dwarf_aranges._TIM1TFLG1 .dwarf_aranges._TIM1TSCR2 
  .dwarf_aranges._TIM1TIE .dwarf_aranges._TIM1TCTL4 .dwarf_aranges._TIM1TCTL3 
  .dwarf_aranges._TIM1TCTL2 .dwarf_aranges._TIM1TCTL1 .dwarf_aranges._TIM1TTOV 
  .dwarf_aranges._TIM1TSCR1 .dwarf_aranges._TIM1OC7D .dwarf_aranges._TIM1OC7M 
  .dwarf_aranges._TIM1CFORC .dwarf_aranges._TIM1TIOS .dwarf_aranges._ECCDCMD 
  .dwarf_aranges._ECCDE .dwarf_aranges._ECCDPTRL .dwarf_aranges._ECCDPTRM 
  .dwarf_aranges._ECCDPTRH .dwarf_aranges._ECCIF .dwarf_aranges._ECCIE 
  .dwarf_aranges._ECCSTAT .dwarf_aranges._FOPT .dwarf_aranges._DFPROT 
  .dwarf_aranges._FPROT .dwarf_aranges._FERSTAT .dwarf_aranges._FSTAT 
  .dwarf_aranges._FERCNFG .dwarf_aranges._FCNFG .dwarf_aranges._FPSTAT 
  .dwarf_aranges._FCCOBIX .dwarf_aranges._FSEC .dwarf_aranges._FCLKDIV 
  .dwarf_aranges._SRRU .dwarf_aranges._PPSU .dwarf_aranges._PERU 
  .dwarf_aranges._DDRU .dwarf_aranges._PTIU .dwarf_aranges._PTU 
  .dwarf_aranges._PPSG .dwarf_aranges._PERG .dwarf_aranges._DDRG 
  .dwarf_aranges._PTIG .dwarf_aranges._PTG .dwarf_aranges._PPSJ 
  .dwarf_aranges._PERJ .dwarf_aranges._DDRJ .dwarf_aranges._PTIJ 
  .dwarf_aranges._PTJ .dwarf_aranges._PPSH .dwarf_aranges._PERH 
  .dwarf_aranges._DDRH .dwarf_aranges._PTIH .dwarf_aranges._PTH 
  .dwarf_aranges._PPSP .dwarf_aranges._PERP .dwarf_aranges._DDRP 
  .dwarf_aranges._PTIP .dwarf_aranges._PTP .dwarf_aranges._WOMS 
  .dwarf_aranges._PIFS .dwarf_aranges._PIES .dwarf_aranges._PPSS 
  .dwarf_aranges._PERS .dwarf_aranges._DDRS .dwarf_aranges._PTIS 
  .dwarf_aranges._PTS .dwarf_aranges._PIFT .dwarf_aranges._PIET 
  .dwarf_aranges._PPST .dwarf_aranges._PERT .dwarf_aranges._DDRT 
  .dwarf_aranges._PTIT .dwarf_aranges._PTT .dwarf_aranges._DIENADL 
  .dwarf_aranges._PIFADL .dwarf_aranges._PIEADL .dwarf_aranges._PPSADL 
  .dwarf_aranges._PERADL .dwarf_aranges._DDRADL .dwarf_aranges._PTIADL 
  .dwarf_aranges._PTADL .dwarf_aranges._WOMA .dwarf_aranges._PIMMISC 
  .dwarf_aranges._IRQCR .dwarf_aranges._ECLKCTL .dwarf_aranges._MODRR3 
  .dwarf_aranges._MODRR2 .dwarf_aranges._MODRR1 .dwarf_aranges._MODRR0 
  .dwarf_aranges._DBGDAL .dwarf_aranges._DBGDAM .dwarf_aranges._DBGDAH 
  .dwarf_aranges._DBGDCTL .dwarf_aranges._DBGCDM3 .dwarf_aranges._DBGCDM2 
  .dwarf_aranges._DBGCDM1 .dwarf_aranges._DBGCDM0 .dwarf_aranges._DBGCD3 
  .dwarf_aranges._DBGCD2 .dwarf_aranges._DBGCD1 .dwarf_aranges._DBGCD0 
  .dwarf_aranges._DBGCAL .dwarf_aranges._DBGCAM .dwarf_aranges._DBGCAH 
  .dwarf_aranges._DBGCCTL .dwarf_aranges._DBGBAL .dwarf_aranges._DBGBAM 
  .dwarf_aranges._DBGBAH .dwarf_aranges._DBGBCTL .dwarf_aranges._DBGADM3 
  .dwarf_aranges._DBGADM2 .dwarf_aranges._DBGADM1 .dwarf_aranges._DBGADM0 
  .dwarf_aranges._DBGAD3 .dwarf_aranges._DBGAD2 .dwarf_aranges._DBGAD1 
  .dwarf_aranges._DBGAD0 .dwarf_aranges._DBGAAL .dwarf_aranges._DBGAAM 
  .dwarf_aranges._DBGAAH .dwarf_aranges._DBGACTL .dwarf_aranges._DBGSR 
  .dwarf_aranges._DBGEFR .dwarf_aranges._DBGSCR3 .dwarf_aranges._DBGSCR2 
  .dwarf_aranges._DBGSCR1 .dwarf_aranges._DBGCNT .dwarf_aranges._DBGTCRL 
  .dwarf_aranges._DBGTCRH .dwarf_aranges._DBGC2 .dwarf_aranges._DBGC1 
  .dwarf_aranges._MMCPCL .dwarf_aranges._MMCPCM .dwarf_aranges._MMCPCH 
  .dwarf_aranges._MODE .dwarf_aranges._INT_CFDATA7 .dwarf_aranges._INT_CFDATA6 
  .dwarf_aranges._INT_CFDATA5 .dwarf_aranges._INT_CFDATA4 
  .dwarf_aranges._INT_CFDATA3 .dwarf_aranges._INT_CFDATA2 
  .dwarf_aranges._INT_CFDATA1 .dwarf_aranges._INT_CFDATA0 
  .dwarf_aranges._INT_CFADDR 
MC_c.obj:
  .dwarf_type.void .dwarf.MC_Init .dwarf_line.MC_Init .dwarf_frame.MC_Init 
  .dwarf_pubnames.MC_Init .dwarf_aranges.MC_Init 
Vectors_c.obj:
  .dwarf._InterruptVectorTable .dwarf._ResetVectorTable .dwarf_type.2 
  .dwarf_type.3 .dwarf_typedef.InterruptTableEntry .dwarf_type.unsigned char 
  .dwarf_type.4 .dwarf_type.5 .dwarf_type.void .dwarf_type.6 
  .dwarf_pubnames._InterruptVectorTable .dwarf_pubnames._ResetVectorTable 
  .dwarf_aranges._InterruptVectorTable .dwarf_aranges._ResetVectorTable 

*********************************************************************************************
COPYDOWN SECTION
---------------------------------------------------------------------------------------------
------- ROM-ADDRESS: 0xFF83C0 ---- SIZE       4 ---
Filling bytes inserted
 00000000

*********************************************************************************************
OBJECT-DEPENDENCIES SECTION
---------------------------------------------------------------------------------------------
_InterruptVectorTable     USES Cpu_Interrupt MC_ISR 
_EntryPoint               USES _Startup 
main                      USES PE_low_level_init 
DoZeroOut                 USES _startupData 
DoCopyDown                USES _startupData 
_Startup                  USES __SEG_END_SSTACK DoZeroOut DoCopyDown main 
PE_low_level_init         USES MC_Init 
_ResetVectorTable         USES _EntryPoint 

*********************************************************************************************
DEPENDENCY TREE
*********************************************************************************************
 main and _Startup Group
 | 
 +- main                
 |  | 
 |  +- PE_low_level_init   
 |     | 
 |     +- MC_Init             
 |          
 +- _EntryPoint         
    | 
    +- _Startup            
       | 
       +- DoZeroOut           
       |    
       +- DoCopyDown          
       |    
       +- main                 (see above)
          
 _InterruptVectorTable
 | 
 +- Cpu_Interrupt       
 |    
 +- MC_ISR              
      
 _ResetVectorTable   
 | 
 +- _EntryPoint          (see above)
    
*********************************************************************************************
STATISTIC SECTION
---------------------------------------------------------------------------------------------

ExeFile:
--------
Number of blocks to be downloaded: 7
Total size of all blocks to be downloaded: 948

