Units and locations in library 'C:/git/jst_nxp_app/LIB/LIB_MCAL_DEBUG.lib'
Unit name                                     size     from       to
./SRC/API_c.obj                               3064      107     3171
./SRC/BSW_CS/MCAL/COM/IIC/IIC0_c.obj         19168    89875   109043
./SRC/BSW_CS/MCAL/IO/DIO/Dio_PBcfg_c.obj      1864    88011    89875
./SRC/BSW_CS/MCAL/IO/DIO/Dio_c.obj            9136    78875    88011
./SRC/BSW_CS/MCAL/IO/MTR/Mtr_c.obj           16784    62091    78875
./SRC/BSW_CS/MCAL/IO/PORT/Port_c.obj          5088    57003    62091
./SRC/BSW_CS/MCAL/MC/GPT/Gpt_PBcfg_c.obj      3400    53603    57003
./SRC/BSW_CS/MCAL/MC/GPT/Gpt_c.obj           13376    40227    53603
./SRC/BSW_CS/MCAL/MC/MCU/Mcu_c.obj            6816    33411    40227
./SRC/BSW_CS/MCAL/MC/WDG/Wdg_c.obj            4256    29155    33411
./SRC/BSW_FS/MCAL/S12Z/starts12z_c.obj        5776    23379    29155
./SRC/Events_c.obj                           13088     3171    16259
./SRC/Timer_c.obj                             7120    16259    23379

EXPORTED OBJECTS
API_Init                                      F   (./SRC/API_c.obj)
API_interrupt                                 F   (./SRC/Timer_c.obj)
CCR_reg                                       O   (./SRC/BSW_CS/MCAL/COM/IIC/IIC0_c.obj)
Cdd_Motor_GetPositionCurrentAbsolute          I   (./SRC/Events_c.obj)
Dio_GetModuleStatus                           F   (./SRC/BSW_CS/MCAL/IO/DIO/Dio_c.obj)
Dio_Init                                      F   (./SRC/BSW_CS/MCAL/IO/DIO/Dio_c.obj)
Dio_ReadChannel                               F   (./SRC/BSW_CS/MCAL/IO/DIO/Dio_c.obj)
Dio_WriteChannel                              F   (./SRC/BSW_CS/MCAL/IO/DIO/Dio_c.obj)
Ecum_RunTimerISR                              I   (./SRC/BSW_CS/MCAL/MC/GPT/Gpt_c.obj)
Flags                                         O   (./SRC/BSW_CS/MCAL/COM/IIC/IIC0_c.obj)
Gpt_DisableNotification                       F   (./SRC/BSW_CS/MCAL/MC/GPT/Gpt_c.obj)
Gpt_EnableNotification                        F   (./SRC/BSW_CS/MCAL/MC/GPT/Gpt_c.obj)
Gpt_GetModuleStatus                           F   (./SRC/BSW_CS/MCAL/MC/GPT/Gpt_c.obj)
Gpt_GetTimeElapsed                            F   (./SRC/BSW_CS/MCAL/MC/GPT/Gpt_c.obj)
Gpt_Init                                      F   (./SRC/BSW_CS/MCAL/MC/GPT/Gpt_c.obj)
Gpt_SetPeriode                                F   (./SRC/BSW_CS/MCAL/MC/GPT/Gpt_c.obj)
Gpt_StartTimer                                F   (./SRC/BSW_CS/MCAL/MC/GPT/Gpt_c.obj)
Gpt_StopTimer                                 F   (./SRC/BSW_CS/MCAL/MC/GPT/Gpt_c.obj)
IIC0_ClearRxBuf                               F   (./SRC/BSW_CS/MCAL/COM/IIC/IIC0_c.obj)
IIC0_ClearRxBuf                               I   (./SRC/Events_c.obj)
IIC0_ClearTxBuf                               F   (./SRC/BSW_CS/MCAL/COM/IIC/IIC0_c.obj)
IIC0_Disable                                  F   (./SRC/BSW_CS/MCAL/COM/IIC/IIC0_c.obj)
IIC0_Enable                                   F   (./SRC/BSW_CS/MCAL/COM/IIC/IIC0_c.obj)
IIC0_GetBuffer                                F   (./SRC/BSW_CS/MCAL/COM/IIC/IIC0_c.obj)
IIC0_GetCharsInRxBuf                          F   (./SRC/BSW_CS/MCAL/COM/IIC/IIC0_c.obj)
IIC0_GetCharsInTxBuf                          F   (./SRC/BSW_CS/MCAL/COM/IIC/IIC0_c.obj)
IIC0_ISR                                      F   (./SRC/BSW_CS/MCAL/COM/IIC/IIC0_c.obj)
IIC0_Init                                     F   (./SRC/BSW_CS/MCAL/COM/IIC/IIC0_c.obj)
IIC0_OnArbitLost                              I   (./SRC/BSW_CS/MCAL/COM/IIC/IIC0_c.obj)
IIC0_OnArbitLost                              F   (./SRC/Events_c.obj)
IIC0_OnError                                  I   (./SRC/BSW_CS/MCAL/COM/IIC/IIC0_c.obj)
IIC0_OnError                                  F   (./SRC/Events_c.obj)
IIC0_OnFreeTxBuf                              I   (./SRC/BSW_CS/MCAL/COM/IIC/IIC0_c.obj)
IIC0_OnFreeTxBuf                              F   (./SRC/Events_c.obj)
IIC0_OnFullRxBuf                              I   (./SRC/BSW_CS/MCAL/COM/IIC/IIC0_c.obj)
IIC0_OnFullRxBuf                              F   (./SRC/Events_c.obj)
IIC0_OnReadReq                                I   (./SRC/BSW_CS/MCAL/COM/IIC/IIC0_c.obj)
IIC0_OnReadReq                                F   (./SRC/Events_c.obj)
IIC0_OnRxChar                                 I   (./SRC/BSW_CS/MCAL/COM/IIC/IIC0_c.obj)
IIC0_OnRxChar                                 F   (./SRC/Events_c.obj)
IIC0_OnTxChar                                 I   (./SRC/BSW_CS/MCAL/COM/IIC/IIC0_c.obj)
IIC0_OnTxChar                                 F   (./SRC/Events_c.obj)
IIC0_OnTxEmptyChar                            I   (./SRC/BSW_CS/MCAL/COM/IIC/IIC0_c.obj)
IIC0_OnTxEmptyChar                            F   (./SRC/Events_c.obj)
IIC0_OnWriteReq                               I   (./SRC/BSW_CS/MCAL/COM/IIC/IIC0_c.obj)
IIC0_OnWriteReq                               F   (./SRC/Events_c.obj)
IIC0_RecvBlock                                F   (./SRC/BSW_CS/MCAL/COM/IIC/IIC0_c.obj)
IIC0_RecvBlock                                I   (./SRC/Events_c.obj)
IIC0_SelectSlave                              F   (./SRC/BSW_CS/MCAL/COM/IIC/IIC0_c.obj)
IIC0_SendBlock                                F   (./SRC/BSW_CS/MCAL/COM/IIC/IIC0_c.obj)
IIC0_SendBlock                                I   (./SRC/Events_c.obj)
IIC0_SendChar                                 F   (./SRC/BSW_CS/MCAL/COM/IIC/IIC0_c.obj)
IIC0_SndRcvTemp                               O   (./SRC/BSW_CS/MCAL/COM/IIC/IIC0_c.obj)
IIC0_SndRcvTemp                               I   (./SRC/Events_c.obj)
IIc_Set_KBI_Kompass_Peilung_HHSS              I   (./SRC/Events_c.obj)
IIc_Set_KBI_Kompass_Peilung_MM                I   (./SRC/Events_c.obj)
ISR_Periodic_IRQ_TIM0_1                       F   (./SRC/BSW_CS/MCAL/MC/GPT/Gpt_c.obj)
InpBufferS                                    O   (./SRC/BSW_CS/MCAL/COM/IIC/IIC0_c.obj)
InpBufferS                                    I   (./SRC/Events_c.obj)
Mcu_GetModuleStatus                           F   (./SRC/BSW_CS/MCAL/MC/MCU/Mcu_c.obj)
Mcu_Init                                      F   (./SRC/BSW_CS/MCAL/MC/MCU/Mcu_c.obj)
Mcu_PerformReset                              F   (./SRC/BSW_CS/MCAL/MC/MCU/Mcu_c.obj)
Mcu_SetStopMode                               F   (./SRC/BSW_CS/MCAL/MC/MCU/Mcu_c.obj)
Mcu_SetWaitMode                               F   (./SRC/BSW_CS/MCAL/MC/MCU/Mcu_c.obj)
Mtr_GetLcfgData                               I   (./SRC/BSW_CS/MCAL/IO/MTR/Mtr_c.obj)
Mtr_ISR                                       F   (./SRC/BSW_CS/MCAL/IO/MTR/Mtr_c.obj)
Mtr_Init                                      F   (./SRC/BSW_CS/MCAL/IO/MTR/Mtr_c.obj)
Mtr_SetChannelStatus                          F   (./SRC/BSW_CS/MCAL/IO/MTR/Mtr_c.obj)
Mtr_SetDutyCycle                              F   (./SRC/BSW_CS/MCAL/IO/MTR/Mtr_c.obj)
Mtr_SetMotorInterrupt                         F   (./SRC/BSW_CS/MCAL/IO/MTR/Mtr_c.obj)
OutBufferS                                    O   (./SRC/BSW_CS/MCAL/COM/IIC/IIC0_c.obj)
Port_GetModuleStatus                          F   (./SRC/BSW_CS/MCAL/IO/PORT/Port_c.obj)
Port_Init                                     F   (./SRC/BSW_CS/MCAL/IO/PORT/Port_c.obj)
Wdg_Clear                                     F   (./SRC/BSW_CS/MCAL/MC/WDG/Wdg_c.obj)
Wdg_Init                                      F   (./SRC/BSW_CS/MCAL/MC/WDG/Wdg_c.obj)
Wdg_Trigger                                   F   (./SRC/BSW_CS/MCAL/MC/WDG/Wdg_c.obj)
Wdg_Trigger                                   I   (./SRC/Events_c.obj)
_Startup                                      F   (./SRC/BSW_FS/MCAL/S12Z/starts12z_c.obj)
__SEG_END_SSTACK                              I   (./SRC/BSW_FS/MCAL/S12Z/starts12z_c.obj)
__SEG_START_SSTACK                            I   (./SRC/BSW_FS/MCAL/S12Z/starts12z_c.obj)
_startupData                                  O   (./SRC/BSW_FS/MCAL/S12Z/starts12z_c.obj)
busy_waiting_ms                               F   (./SRC/Timer_c.obj)
cnt                                           I   (./SRC/Events_c.obj)
curPos_ui32                                   O   (./SRC/Events_c.obj)
data                                          O   (./SRC/Events_c.obj)
error                                         O   (./SRC/Events_c.obj)
flags                                         I   (./SRC/Events_c.obj)
get_time                                      F   (./SRC/Timer_c.obj)
gpt_driverConfig_s                            O   (./SRC/BSW_CS/MCAL/MC/GPT/Gpt_PBcfg_c.obj)
gpt_driverConfig_s                            I   (./SRC/BSW_CS/MCAL/MC/GPT/Gpt_c.obj)
i2c_buf                                       O   (./SRC/Events_c.obj)
init_time                                     F   (./SRC/Timer_c.obj)
main                                          I   (./SRC/BSW_FS/MCAL/S12Z/starts12z_c.obj)
mcu_initialConfiguration_s                    I   (./SRC/BSW_CS/MCAL/MC/MCU/Mcu_c.obj)
ms                                            I   (./SRC/Timer_c.obj)
mtr_channelConfigReg_apui8                    O   (./SRC/BSW_CS/MCAL/IO/MTR/Mtr_c.obj)
mtr_channelDutyCycleReg_apui16                O   (./SRC/BSW_CS/MCAL/IO/MTR/Mtr_c.obj)
mtr_register_s                                O   (./SRC/BSW_CS/MCAL/IO/MTR/Mtr_c.obj)
pos_speed_acc                                 O   (./SRC/Events_c.obj)
rcv                                           I   (./SRC/BSW_CS/MCAL/COM/IIC/IIC0_c.obj)
sent                                          I   (./SRC/Events_c.obj)
update_Mtr_TimerCounterOverflowInterruptFp    F   (./SRC/BSW_CS/MCAL/IO/MTR/Mtr_c.obj)
wait_ms                                       F   (./SRC/Timer_c.obj)
wait_s                                        F   (./SRC/Timer_c.obj)
